Component: ARM Compiler 6.14 Tool: armlink [5db06800]

==============================================================================

Memory Map of the image

  Image Entry point : 0x08000189

  Load Region LR_IROM1 (Base: 0x08000000, Size: 0x0003b91c, Max: 0x00100000, ABSOLUTE)

    Execution Region ER_IROM1 (Base: 0x08000000, Size: 0x0003b750, Max: 0x00100000, ABSOLUTE)

    Base Addr    Size         Type   Attr      Idx    E Section Name        Object

    0x08000000   0x00000188   Data   RO        25416    RESET               BUILD/DISCO_L475VG_IOT01A/ARMC6/mbed-os/targets/TARGET_STM/TARGET_STM32L4/TARGET_STM32L475xG/device/TOOLCHAIN_ARM_STD/startup_stm32l475xx.o
    0x08000188   0x00000008   Code   RO        30318  * !!!main             c:\ProgramData\Mbed Studio\mbed-studio-tools\ac6\bin\..\lib\armlib\c_w.l(__main.o)
    0x08000190   0x00000034   Code   RO        30943    !!!scatter          c:\ProgramData\Mbed Studio\mbed-studio-tools\ac6\bin\..\lib\armlib\c_w.l(__scatter.o)
    0x080001c4   0x0000003a   Code   RO        30941    !!dczerorl          c:\ProgramData\Mbed Studio\mbed-studio-tools\ac6\bin\..\lib\armlib\c_w.l(__dczerorl.o)
    0x080001fe   0x00000002   PAD
    0x08000200   0x0000001a   Code   RO        30945    !!handler_copy      c:\ProgramData\Mbed Studio\mbed-studio-tools\ac6\bin\..\lib\armlib\c_w.l(__scatter_copy.o)
    0x0800021a   0x00000002   PAD
    0x0800021c   0x0000001c   Code   RO        30947    !!handler_zi        c:\ProgramData\Mbed Studio\mbed-studio-tools\ac6\bin\..\lib\armlib\c_w.l(__scatter_zi.o)
    0x08000238   0x00000000   Code   RO        30190    .ARM.Collect$$_printf_percent$$00000000  c:\ProgramData\Mbed Studio\mbed-studio-tools\ac6\bin\..\lib\armlib\c_w.l(_printf_percent.o)
    0x08000238   0x00000006   Code   RO        30182    .ARM.Collect$$_printf_percent$$00000001  c:\ProgramData\Mbed Studio\mbed-studio-tools\ac6\bin\..\lib\armlib\c_w.l(_printf_n.o)
    0x0800023e   0x00000006   Code   RO        30184    .ARM.Collect$$_printf_percent$$00000002  c:\ProgramData\Mbed Studio\mbed-studio-tools\ac6\bin\..\lib\armlib\c_w.l(_printf_p.o)
    0x08000244   0x00000006   Code   RO        30189    .ARM.Collect$$_printf_percent$$00000003  c:\ProgramData\Mbed Studio\mbed-studio-tools\ac6\bin\..\lib\armlib\c_w.l(_printf_f.o)
    0x0800024a   0x00000006   Code   RO        30500    .ARM.Collect$$_printf_percent$$00000004  c:\ProgramData\Mbed Studio\mbed-studio-tools\ac6\bin\..\lib\armlib\c_w.l(_printf_e.o)
    0x08000250   0x00000006   Code   RO        30501    .ARM.Collect$$_printf_percent$$00000005  c:\ProgramData\Mbed Studio\mbed-studio-tools\ac6\bin\..\lib\armlib\c_w.l(_printf_g.o)
    0x08000256   0x00000006   Code   RO        30502    .ARM.Collect$$_printf_percent$$00000006  c:\ProgramData\Mbed Studio\mbed-studio-tools\ac6\bin\..\lib\armlib\c_w.l(_printf_a.o)
    0x0800025c   0x0000000a   Code   RO        30507    .ARM.Collect$$_printf_percent$$00000007  c:\ProgramData\Mbed Studio\mbed-studio-tools\ac6\bin\..\lib\armlib\c_w.l(_printf_ll.o)
    0x08000266   0x00000006   Code   RO        30186    .ARM.Collect$$_printf_percent$$00000008  c:\ProgramData\Mbed Studio\mbed-studio-tools\ac6\bin\..\lib\armlib\c_w.l(_printf_i.o)
    0x0800026c   0x00000006   Code   RO        30187    .ARM.Collect$$_printf_percent$$00000009  c:\ProgramData\Mbed Studio\mbed-studio-tools\ac6\bin\..\lib\armlib\c_w.l(_printf_d.o)
    0x08000272   0x00000006   Code   RO        30188    .ARM.Collect$$_printf_percent$$0000000A  c:\ProgramData\Mbed Studio\mbed-studio-tools\ac6\bin\..\lib\armlib\c_w.l(_printf_u.o)
    0x08000278   0x00000006   Code   RO        30185    .ARM.Collect$$_printf_percent$$0000000B  c:\ProgramData\Mbed Studio\mbed-studio-tools\ac6\bin\..\lib\armlib\c_w.l(_printf_o.o)
    0x0800027e   0x00000006   Code   RO        30183    .ARM.Collect$$_printf_percent$$0000000C  c:\ProgramData\Mbed Studio\mbed-studio-tools\ac6\bin\..\lib\armlib\c_w.l(_printf_x.o)
    0x08000284   0x00000006   Code   RO        30504    .ARM.Collect$$_printf_percent$$0000000D  c:\ProgramData\Mbed Studio\mbed-studio-tools\ac6\bin\..\lib\armlib\c_w.l(_printf_lli.o)
    0x0800028a   0x00000006   Code   RO        30505    .ARM.Collect$$_printf_percent$$0000000E  c:\ProgramData\Mbed Studio\mbed-studio-tools\ac6\bin\..\lib\armlib\c_w.l(_printf_lld.o)
    0x08000290   0x00000006   Code   RO        30506    .ARM.Collect$$_printf_percent$$0000000F  c:\ProgramData\Mbed Studio\mbed-studio-tools\ac6\bin\..\lib\armlib\c_w.l(_printf_llu.o)
    0x08000296   0x00000006   Code   RO        30510    .ARM.Collect$$_printf_percent$$00000010  c:\ProgramData\Mbed Studio\mbed-studio-tools\ac6\bin\..\lib\armlib\c_w.l(_printf_llo.o)
    0x0800029c   0x00000006   Code   RO        30511    .ARM.Collect$$_printf_percent$$00000011  c:\ProgramData\Mbed Studio\mbed-studio-tools\ac6\bin\..\lib\armlib\c_w.l(_printf_llx.o)
[...]
    0x0802a0e8   0x0000007c   Code   RO        25001    .text.osMessageQueuePut  BUILD/DISCO_L475VG_IOT01A/ARMC6/mbed-os/rtos/source/TARGET_CORTEX/rtx5/RTX/Source/rtx_msgqueue.o
    0x0802a164   0x00000030   Code   RO        25053    .text.osMutexAcquire  BUILD/DISCO_L475VG_IOT01A/ARMC6/mbed-os/rtos/source/TARGET_CORTEX/rtx5/RTX/Source/rtx_mutex.o
    0x0802a194   0x00000030   Code   RO        25059    .text.osMutexDelete  BUILD/DISCO_L475VG_IOT01A/ARMC6/mbed-os/rtos/source/TARGET_CORTEX/rtx5/RTX/Source/rtx_mutex.o
    0x0802a1c4   0x00000034   Code   RO        25049    .text.osMutexNew    BUILD/DISCO_L475VG_IOT01A/ARMC6/mbed-os/rtos/source/TARGET_CORTEX/rtx5/RTX/Source/rtx_mutex.o
    0x0802a1f8   0x00000030   Code   RO        25055    .text.osMutexRelease  BUILD/DISCO_L475VG_IOT01A/ARMC6/mbed-os/rtos/source/TARGET_CORTEX/rtx5/RTX/Source/rtx_mutex.o
    0x0802a228   0x00000050   Code   RO        24706    .text.osRtxErrorNotify  BUILD/DISCO_L475VG_IOT01A/ARMC6/mbed-os/rtos/source/TARGET_CORTEX/mbed_rtx_handlers.o
    0x0802a278   0x00000032   Code   RO        24827    .text.osRtxEventFlagsPostProcess  BUILD/DISCO_L475VG_IOT01A/ARMC6/mbed-os/rtos/source/TARGET_CORTEX/rtx5/RTX/Source/rtx_evflags.o
    0x0802a2aa   0x00000004   Code   RO        24704    .text.osRtxIdleThread  BUILD/DISCO_L475VG_IOT01A/ARMC6/mbed-os/rtos/source/TARGET_CORTEX/mbed_rtx_handlers.o
    0x0802a2ae   0x00000002   Code   RO        24869    .text.osRtxKernelPreInit  BUILD/DISCO_L475VG_IOT01A/ARMC6/mbed-os/rtos/source/TARGET_CORTEX/rtx5/RTX/Source/rtx_kernel.o
    0x0802a2b0   0x00000070   Code   RO        24945    .text.osRtxMemoryAlloc  BUILD/DISCO_L475VG_IOT01A/ARMC6/mbed-os/rtos/source/TARGET_CORTEX/rtx5/RTX/Source/rtx_memory.o
    0x0802a320   0x00000048   Code   RO        24947    .text.osRtxMemoryFree  BUILD/DISCO_L475VG_IOT01A/ARMC6/mbed-os/rtos/source/TARGET_CORTEX/rtx5/RTX/Source/rtx_memory.o
    0x0802a368   0x0000003c   Code   RO        24943    .text.osRtxMemoryInit  BUILD/DISCO_L475VG_IOT01A/ARMC6/mbed-os/rtos/source/TARGET_CORTEX/rtx5/RTX/Source/rtx_memory.o
    0x0802a3a4   0x0000003a   Code   RO        24953    .text.osRtxMemoryPoolAlloc  BUILD/DISCO_L475VG_IOT01A/ARMC6/mbed-os/rtos/source/TARGET_CORTEX/rtx5/RTX/Source/rtx_mempool.o
    0x0802a3de   0x0000004a   Code   RO        24955    .text.osRtxMemoryPoolFree  BUILD/DISCO_L475VG_IOT01A/ARMC6/mbed-os/rtos/source/TARGET_CORTEX/rtx5/RTX/Source/rtx_mempool.o
    0x0802a428   0x00000036   Code   RO        24951    .text.osRtxMemoryPoolInit  BUILD/DISCO_L475VG_IOT01A/ARMC6/mbed-os/rtos/source/TARGET_CORTEX/rtx5/RTX/Source/rtx_mempool.o
    0x0802a45e   0x000000ba   Code   RO        25027    .text.osRtxMessageQueuePostProcess  BUILD/DISCO_L475VG_IOT01A/ARMC6/mbed-os/rtos/source/TARGET_CORTEX/rtx5/RTX/Source/rtx_msgqueue.o
    0x0802a518   0x00000044   Code   RO        25047    .text.osRtxMutexOwnerRelease  BUILD/DISCO_L475VG_IOT01A/ARMC6/mbed-os/rtos/source/TARGET_CORTEX/rtx5/RTX/Source/rtx_mutex.o
    0x0802a55c   0x00000088   Code   RO        25107    .text.osRtxPendSV_Handler  BUILD/DISCO_L475VG_IOT01A/ARMC6/mbed-os/rtos/source/TARGET_CORTEX/rtx5/RTX/Source/rtx_system.o
    0x0802a5e4   0x00000070   Code   RO        25109    .text.osRtxPostProcess  BUILD/DISCO_L475VG_IOT01A/ARMC6/mbed-os/rtos/source/TARGET_CORTEX/rtx5/RTX/Source/rtx_system.o
    0x0802a654   0x00000036   Code   RO        25091    .text.osRtxSemaphorePostProcess  BUILD/DISCO_L475VG_IOT01A/ARMC6/mbed-os/rtos/source/TARGET_CORTEX/rtx5/RTX/Source/rtx_semaphore.o
    0x0802a68a   0x00000002   PAD
    0x0802a68c   0x00000034   Code   RO        25133    .text.osRtxThreadBlock  BUILD/DISCO_L475VG_IOT01A/ARMC6/mbed-os/rtos/source/TARGET_CORTEX/rtx5/RTX/Source/rtx_thread.o
    0x0802a6c0   0x00000074   Code   RO        25141    .text.osRtxThreadDelayInsert  BUILD/DISCO_L475VG_IOT01A/ARMC6/mbed-os/rtos/source/TARGET_CORTEX/rtx5/RTX/Source/rtx_thread.o
    0x0802a734   0x00000038   Code   RO        25137    .text.osRtxThreadDelayRemove  BUILD/DISCO_L475VG_IOT01A/ARMC6/mbed-os/rtos/source/TARGET_CORTEX/rtx5/RTX/Source/rtx_thread.o
    0x0802a76c   0x00000034   Code   RO        25123    .text.osRtxThreadDelayTick  BUILD/DISCO_L475VG_IOT01A/ARMC6/mbed-os/rtos/source/TARGET_CORTEX/rtx5/RTX/Source/rtx_thread.o
    0x0802a7a0   0x00000054   Code   RO        25131    .text.osRtxThreadDispatch  BUILD/DISCO_L475VG_IOT01A/ARMC6/mbed-os/rtos/source/TARGET_CORTEX/rtx5/RTX/Source/rtx_thread.o
    0x0802a7f4   0x00000054   Code   RO        25217    .text.osRtxThreadFree  BUILD/DISCO_L475VG_IOT01A/ARMC6/mbed-os/rtos/source/TARGET_CORTEX/rtx5/RTX/Source/rtx_thread.o
    0x0802a848   0x00000012   Code   RO        25115    .text.osRtxThreadListGet  BUILD/DISCO_L475VG_IOT01A/ARMC6/mbed-os/rtos/source/TARGET_CORTEX/rtx5/RTX/Source/rtx_thread.o
    0x0802a85a   0x0000002c   Code   RO        25113    .text.osRtxThreadListPut  BUILD/DISCO_L475VG_IOT01A/ARMC6/mbed-os/rtos/source/TARGET_CORTEX/rtx5/RTX/Source/rtx_thread.o
    0x0802a886   0x00000014   Code   RO        25119    .text.osRtxThreadListRemove  BUILD/DISCO_L475VG_IOT01A/ARMC6/mbed-os/rtos/source/TARGET_CORTEX/rtx5/RTX/Source/rtx_thread.o
    0x0802a89a   0x00000026   Code   RO        25117    .text.osRtxThreadListSort  BUILD/DISCO_L475VG_IOT01A/ARMC6/mbed-os/rtos/source/TARGET_CORTEX/rtx5/RTX/Source/rtx_thread.o
    0x0802a8c0   0x00000028   Code   RO        25191    .text.osRtxThreadPostProcess  BUILD/DISCO_L475VG_IOT01A/ARMC6/mbed-os/rtos/source/TARGET_CORTEX/rtx5/RTX/Source/rtx_thread.o
    0x0802a8e8   0x00000010   Code   RO        25121    .text.osRtxThreadReadyPut  BUILD/DISCO_L475VG_IOT01A/ARMC6/mbed-os/rtos/source/TARGET_CORTEX/rtx5/RTX/Source/rtx_thread.o
    0x0802a8f8   0x00000014   Code   RO        25125    .text.osRtxThreadRegPtr  BUILD/DISCO_L475VG_IOT01A/ARMC6/mbed-os/rtos/source/TARGET_CORTEX/rtx5/RTX/Source/rtx_thread.o
    0x0802a90c   0x00000028   Code   RO        25129    .text.osRtxThreadStackCheck  BUILD/DISCO_L475VG_IOT01A/ARMC6/mbed-os/rtos/source/TARGET_CORTEX/rtx5/RTX/Source/rtx_thread.o
    0x0802a934   0x00000038   Code   RO        25143    .text.osRtxThreadStartup  BUILD/DISCO_L475VG_IOT01A/ARMC6/mbed-os/rtos/source/TARGET_CORTEX/rtx5/RTX/Source/rtx_thread.o
    0x0802a96c   0x0000000c   Code   RO        25127    .text.osRtxThreadSwitch  BUILD/DISCO_L475VG_IOT01A/ARMC6/mbed-os/rtos/source/TARGET_CORTEX/rtx5/RTX/Source/rtx_thread.o
    0x0802a978   0x00000038   Code   RO        25139    .text.osRtxThreadWaitEnter  BUILD/DISCO_L475VG_IOT01A/ARMC6/mbed-os/rtos/source/TARGET_CORTEX/rtx5/RTX/Source/rtx_thread.o
    0x0802a9b0   0x00000030   Code   RO        25135    .text.osRtxThreadWaitExit  BUILD/DISCO_L475VG_IOT01A/ARMC6/mbed-os/rtos/source/TARGET_CORTEX/rtx5/RTX/Source/rtx_thread.o
    0x0802a9e0   0x00000074   Code   RO        25105    .text.osRtxTick_Handler  BUILD/DISCO_L475VG_IOT01A/ARMC6/mbed-os/rtos/source/TARGET_CORTEX/rtx5/RTX/Source/rtx_system.o
    0x0802aa54   0x0000003c   Code   RO        25239    .text.osRtxTimerThread  BUILD/DISCO_L475VG_IOT01A/ARMC6/mbed-os/rtos/source/TARGET_CORTEX/rtx5/RTX/Source/rtx_timer.o
    0x0802aa90   0x00000054   Code   RO        25241    .text.osRtxTimerTick  BUILD/DISCO_L475VG_IOT01A/ARMC6/mbed-os/rtos/source/TARGET_CORTEX/rtx5/RTX/Source/rtx_timer.o
    0x0802aae4   0x00000030   Code   RO        25087    .text.osSemaphoreDelete  BUILD/DISCO_L475VG_IOT01A/ARMC6/mbed-os/rtos/source/TARGET_CORTEX/rtx5/RTX/Source/rtx_semaphore.o
    0x0802ab14   0x00000034   Code   RO        25075    .text.osSemaphoreNew  BUILD/DISCO_L475VG_IOT01A/ARMC6/mbed-os/rtos/source/TARGET_CORTEX/rtx5/RTX/Source/rtx_semaphore.o
    0x0802ab48   0x00000060   Code   RO        25081    .text.osSemaphoreRelease  BUILD/DISCO_L475VG_IOT01A/ARMC6/mbed-os/rtos/source/TARGET_CORTEX/rtx5/RTX/Source/rtx_semaphore.o
    0x0802aba8   0x0000001c   Code   RO        25175    .text.osThreadExit  BUILD/DISCO_L475VG_IOT01A/ARMC6/mbed-os/rtos/source/TARGET_CORTEX/rtx5/RTX/Source/rtx_thread.o
    0x0802abc4   0x00000028   Code   RO        25151    .text.osThreadGetId  BUILD/DISCO_L475VG_IOT01A/ARMC6/mbed-os/rtos/source/TARGET_CORTEX/rtx5/RTX/Source/rtx_thread.o
    0x0802abec   0x00000034   Code   RO        25147    .text.osThreadNew   BUILD/DISCO_L475VG_IOT01A/ARMC6/mbed-os/rtos/source/TARGET_CORTEX/rtx5/RTX/Source/rtx_thread.o
    0x0802ac20   0x00000038   Code   RO        25177    .text.osThreadTerminate  BUILD/DISCO_L475VG_IOT01A/ARMC6/mbed-os/rtos/source/TARGET_CORTEX/rtx5/RTX/Source/rtx_thread.o
    0x0802ac58   0x00000020   Code   RO        24663    .text.os_kernel_is_active  BUILD/DISCO_L475VG_IOT01A/ARMC6/mbed-os/rtos/source/TARGET_CORTEX/TOOLCHAIN_ARM_STD/mbed_boot_arm_std.o
    0x0802ac78   0x000000e0   Code   RO        29230    .text.pin_function  BUILD/DISCO_L475VG_IOT01A/ARMC6/mbed-os/targets/TARGET_STM/pinmap.o
    0x0802ad58   0x00000070   Code   RO        29234    .text.pin_mode      BUILD/DISCO_L475VG_IOT01A/ARMC6/mbed-os/targets/TARGET_STM/pinmap.o
    0x0802adc8   0x00000022   Code   RO        23494    .text.pinmap_find_peripheral  BUILD/DISCO_L475VG_IOT01A/ARMC6/mbed-os/hal/mbed_pinmap_common.o
    0x0802adea   0x00000002   PAD
    0x0802adec   0x00000024   Code   RO        23492    .text.pinmap_merge  BUILD/DISCO_L475VG_IOT01A/ARMC6/mbed-os/hal/mbed_pinmap_common.o
    0x0802ae10   0x0000002c   Code   RO        23496    .text.pinmap_peripheral  BUILD/DISCO_L475VG_IOT01A/ARMC6/mbed-os/hal/mbed_pinmap_common.o
    0x0802ae3c   0x0000004c   Code   RO        23490    .text.pinmap_pinout  BUILD/DISCO_L475VG_IOT01A/ARMC6/mbed-os/hal/mbed_pinmap_common.o
    0x0802ae88   0x00000026   Code   RO         9668    .text.pk_get_ecpubkey  BUILD/DISCO_L475VG_IOT01A/ARMC6/mbed-os/features/mbedtls/mbed-crypto/src/pkparse.o
    0x0802aeae   0x00000002   PAD
    0x0802aeb0   0x0000004c   Code   RO         9662    .text.pk_get_pk_alg  BUILD/DISCO_L475VG_IOT01A/ARMC6/mbed-os/features/mbedtls/mbed-crypto/src/pkparse.o
    0x0802aefc   0x000000d0   Code   RO         9664    .text.pk_get_rsapubkey  BUILD/DISCO_L475VG_IOT01A/ARMC6/mbed-os/features/mbedtls/mbed-crypto/src/pkparse.o
    0x0802afcc   0x0000001e   Code   RO         9559    .text.pk_hashlen_helper  BUILD/DISCO_L475VG_IOT01A/ARMC6/mbed-os/features/mbedtls/mbed-crypto/src/pk.o
    0x0802afea   0x00000002   PAD
    0x0802afec   0x000001e8   Code   RO         9672    .text.pk_parse_key_pkcs1_der  BUILD/DISCO_L475VG_IOT01A/ARMC6/mbed-os/features/mbedtls/mbed-crypto/src/pkparse.o
    0x0802b1d4   0x000000d4   Code   RO         9676    .text.pk_parse_key_pkcs8_unencrypted_der  BUILD/DISCO_L475VG_IOT01A/ARMC6/mbed-os/features/mbedtls/mbed-crypto/src/pkparse.o
    0x0802b2a8   0x00000184   Code   RO         9674    .text.pk_parse_key_sec1_der  BUILD/DISCO_L475VG_IOT01A/ARMC6/mbed-os/features/mbedtls/mbed-crypto/src/pkparse.o
    0x0802b42c   0x00000038   Code   RO         9666    .text.pk_use_ecparams  BUILD/DISCO_L475VG_IOT01A/ARMC6/mbed-os/features/mbedtls/mbed-crypto/src/pkparse.o
    0x0802b464   0x00000174   Code   RO         9714    .text.poly1305_process  BUILD/DISCO_L475VG_IOT01A/ARMC6/mbed-os/features/mbedtls/mbed-crypto/src/poly1305.o
    0x0802b5d8   0x0000015c   Code   RO        23992    .text.print_context_info  BUILD/DISCO_L475VG_IOT01A/ARMC6/mbed-os/platform/source/TARGET_CORTEX_M/mbed_fault_handler.o
    0x0802b734   0x0000000c   Code   RO          277    .text.readChar      BUILD/DISCO_L475VG_IOT01A/ARMC6/mbed-mqtt/paho_mqtt_embedded_c/MQTTPacket/src/MQTTPacket.o
    0x0802b740   0x0000000e   Code   RO          275    .text.readInt       BUILD/DISCO_L475VG_IOT01A/ARMC6/mbed-mqtt/paho_mqtt_embedded_c/MQTTPacket/src/MQTTPacket.o
    0x0802b74e   0x00000036   Code   RO          289    .text.readMQTTLenString  BUILD/DISCO_L475VG_IOT01A/ARMC6/mbed-mqtt/paho_mqtt_embedded_c/MQTTPacket/src/MQTTPacket.o
    0x0802b784   0x0000001c   Code   RO        29455    .text.restore_timer_ctx  BUILD/DISCO_L475VG_IOT01A/ARMC6/mbed-os/targets/TARGET_STM/us_ticker.o
    0x0802b7a0   0x0000001c   Code   RO         9602    .text.rsa_alloc_wrap  BUILD/DISCO_L475VG_IOT01A/ARMC6/mbed-os/features/mbedtls/mbed-crypto/src/pk_wrap.o
    0x0802b7bc   0x00000014   Code   RO         9590    .text.rsa_can_do    BUILD/DISCO_L475VG_IOT01A/ARMC6/mbed-os/features/mbedtls/mbed-crypto/src/pk_wrap.o
    0x0802b7d0   0x000000b8   Code   RO         9734    .text.rsa_check_context  BUILD/DISCO_L475VG_IOT01A/ARMC6/mbed-os/features/mbedtls/mbed-crypto/src/rsa.o
    0x0802b888   0x00000004   Code   RO         9600    .text.rsa_check_pair_wrap  BUILD/DISCO_L475VG_IOT01A/ARMC6/mbed-os/features/mbedtls/mbed-crypto/src/pk_wrap.o
    0x0802b88c   0x0000002c   Code   RO         9606    .text.rsa_debug     BUILD/DISCO_L475VG_IOT01A/ARMC6/mbed-os/features/mbedtls/mbed-crypto/src/pk_wrap.o
    0x0802b8b8   0x00000034   Code   RO         9596    .text.rsa_decrypt_wrap  BUILD/DISCO_L475VG_IOT01A/ARMC6/mbed-os/features/mbedtls/mbed-crypto/src/pk_wrap.o
    0x0802b8ec   0x00000034   Code   RO         9598    .text.rsa_encrypt_wrap  BUILD/DISCO_L475VG_IOT01A/ARMC6/mbed-os/features/mbedtls/mbed-crypto/src/pk_wrap.o
    0x0802b920   0x00000012   Code   RO         9604    .text.rsa_free_wrap  BUILD/DISCO_L475VG_IOT01A/ARMC6/mbed-os/features/mbedtls/mbed-crypto/src/pk_wrap.o
    0x0802b932   0x0000000a   Code   RO         9588    .text.rsa_get_bitlen  BUILD/DISCO_L475VG_IOT01A/ARMC6/mbed-os/features/mbedtls/mbed-crypto/src/pk_wrap.o
    0x0802b93c   0x000000f8   Code   RO         9776    .text.rsa_rsassa_pkcs1_v15_encode  BUILD/DISCO_L475VG_IOT01A/ARMC6/mbed-os/features/mbedtls/mbed-crypto/src/rsa.o
    0x0802ba34   0x0000002e   Code   RO         9594    .text.rsa_sign_wrap  BUILD/DISCO_L475VG_IOT01A/ARMC6/mbed-os/features/mbedtls/mbed-crypto/src/pk_wrap.o
    0x0802ba62   0x00000002   PAD
    0x0802ba64   0x00000050   Code   RO         9592    .text.rsa_verify_wrap  BUILD/DISCO_L475VG_IOT01A/ARMC6/mbed-os/features/mbedtls/mbed-crypto/src/pk_wrap.o
    0x0802bab4   0x00000148   Code   RO        29318    .text.rtc_init      BUILD/DISCO_L475VG_IOT01A/ARMC6/mbed-os/targets/TARGET_STM/rtc_api.o
    0x0802bbfc   0x00000010   Code   RO        29326    .text.rtc_isenabled  BUILD/DISCO_L475VG_IOT01A/ARMC6/mbed-os/targets/TARGET_STM/rtc_api.o
    0x0802bc0c   0x00000078   Code   RO        29322    .text.rtc_read      BUILD/DISCO_L475VG_IOT01A/ARMC6/mbed-os/targets/TARGET_STM/rtc_api.o
    0x0802bc84   0x000000cc   Code   RO        29324    .text.rtc_write     BUILD/DISCO_L475VG_IOT01A/ARMC6/mbed-os/targets/TARGET_STM/rtc_api.o
    0x0802bd50   0x0000000c   Code   RO        24737    .text.rtos_idle_loop  BUILD/DISCO_L475VG_IOT01A/ARMC6/mbed-os/rtos/source/TARGET_CORTEX/mbed_rtx_idle.o
    0x0802bd5c   0x0000001c   Code   RO        29453    .text.save_timer_ctx  BUILD/DISCO_L475VG_IOT01A/ARMC6/mbed-os/targets/TARGET_STM/us_ticker.o
    0x0802bd78   0x000000d4   Code   RO        23537    .text.schedule_interrupt  BUILD/DISCO_L475VG_IOT01A/ARMC6/mbed-os/hal/mbed_ticker_api.o
    0x0802be4c   0x00000090   Code   RO        29339    .text.serial_baud   BUILD/DISCO_L475VG_IOT01A/ARMC6/mbed-os/targets/TARGET_STM/serial_api.o
    0x0802bedc   0x0000002c   Code   RO        28875    .text.serial_getc   BUILD/DISCO_L475VG_IOT01A/ARMC6/mbed-os/targets/TARGET_STM/TARGET_STM32L4/serial_device.o
    0x0802bf08   0x000001a0   Code   RO        29331    .text.serial_init   BUILD/DISCO_L475VG_IOT01A/ARMC6/mbed-os/targets/TARGET_STM/serial_api.o
    0x0802c0a8   0x00000084   Code   RO        29359    .text.serial_is_tx_ongoing  BUILD/DISCO_L475VG_IOT01A/ARMC6/mbed-os/targets/TARGET_STM/serial_api.o
    0x0802c12c   0x0000002c   Code   RO        28877    .text.serial_putc   BUILD/DISCO_L475VG_IOT01A/ARMC6/mbed-os/targets/TARGET_STM/TARGET_STM32L4/serial_device.o
    0x0802c158   0x0000001c   Code   RO        29351    .text.serial_readable  BUILD/DISCO_L475VG_IOT01A/ARMC6/mbed-os/targets/TARGET_STM/serial_api.o
    0x0802c174   0x00000014   Code   RO        29353    .text.serial_writable  BUILD/DISCO_L475VG_IOT01A/ARMC6/mbed-os/targets/TARGET_STM/serial_api.o
    0x0802c188   0x00000010   Code   RO        24481    .text.set_time      BUILD/DISCO_L475VG_IOT01A/ARMC6/mbed-os/platform/source/mbed_rtc_time.o
    0x0802c198   0x00000034   Code   RO        24477    .text.settimeofday  BUILD/DISCO_L475VG_IOT01A/ARMC6/mbed-os/platform/source/mbed_rtc_time.o
    0x0802c1cc   0x00000004   Code   RO         9433    .text.sha1_clone_wrap  BUILD/DISCO_L475VG_IOT01A/ARMC6/mbed-os/features/mbedtls/mbed-crypto/src/md_wrap.o
    0x0802c1d0   0x00000018   Code   RO         9429    .text.sha1_ctx_alloc  BUILD/DISCO_L475VG_IOT01A/ARMC6/mbed-os/features/mbedtls/mbed-crypto/src/md_wrap.o
    0x0802c1e8   0x00000012   Code   RO         9431    .text.sha1_ctx_free  BUILD/DISCO_L475VG_IOT01A/ARMC6/mbed-os/features/mbedtls/mbed-crypto/src/md_wrap.o
    0x0802c1fa   0x00000004   Code   RO         9427    .text.sha1_finish_wrap  BUILD/DISCO_L475VG_IOT01A/ARMC6/mbed-os/features/mbedtls/mbed-crypto/src/md_wrap.o
    0x0802c1fe   0x00000004   Code   RO         9435    .text.sha1_process_wrap  BUILD/DISCO_L475VG_IOT01A/ARMC6/mbed-os/features/mbedtls/mbed-crypto/src/md_wrap.o
    0x0802c202   0x00000004   Code   RO         9423    .text.sha1_starts_wrap  BUILD/DISCO_L475VG_IOT01A/ARMC6/mbed-os/features/mbedtls/mbed-crypto/src/md_wrap.o
    0x0802c206   0x00000004   Code   RO         9425    .text.sha1_update_wrap  BUILD/DISCO_L475VG_IOT01A/ARMC6/mbed-os/features/mbedtls/mbed-crypto/src/md_wrap.o
    0x0802c20a   0x00000004   Code   RO         9449    .text.sha224_clone_wrap  BUILD/DISCO_L475VG_IOT01A/ARMC6/mbed-os/features/mbedtls/mbed-crypto/src/md_wrap.o
    0x0802c20e   0x00000018   Code   RO         9445    .text.sha224_ctx_alloc  BUILD/DISCO_L475VG_IOT01A/ARMC6/mbed-os/features/mbedtls/mbed-crypto/src/md_wrap.o
    0x0802c226   0x00000012   Code   RO         9447    .text.sha224_ctx_free  BUILD/DISCO_L475VG_IOT01A/ARMC6/mbed-os/features/mbedtls/mbed-crypto/src/md_wrap.o
    0x0802c238   0x00000004   Code   RO         9441    .text.sha224_finish_wrap  BUILD/DISCO_L475VG_IOT01A/ARMC6/mbed-os/features/mbedtls/mbed-crypto/src/md_wrap.o
    0x0802c23c   0x00000004   Code   RO         9451    .text.sha224_process_wrap  BUILD/DISCO_L475VG_IOT01A/ARMC6/mbed-os/features/mbedtls/mbed-crypto/src/md_wrap.o
    0x0802c240   0x00000006   Code   RO         9437    .text.sha224_starts_wrap  BUILD/DISCO_L475VG_IOT01A/ARMC6/mbed-os/features/mbedtls/mbed-crypto/src/md_wrap.o
    0x0802c246   0x00000004   Code   RO         9439    .text.sha224_update_wrap  BUILD/DISCO_L475VG_IOT01A/ARMC6/mbed-os/features/mbedtls/mbed-crypto/src/md_wrap.o
    0x0802c24a   0x00000006   Code   RO         9443    .text.sha224_wrap   BUILD/DISCO_L475VG_IOT01A/ARMC6/mbed-os/features/mbedtls/mbed-crypto/src/md_wrap.o
    0x0802c250   0x00000006   Code   RO         9453    .text.sha256_starts_wrap  BUILD/DISCO_L475VG_IOT01A/ARMC6/mbed-os/features/mbedtls/mbed-crypto/src/md_wrap.o
    0x0802c256   0x00000006   Code   RO         9455    .text.sha256_wrap   BUILD/DISCO_L475VG_IOT01A/ARMC6/mbed-os/features/mbedtls/mbed-crypto/src/md_wrap.o
    0x0802c25c   0x00000004   Code   RO         9469    .text.sha384_clone_wrap  BUILD/DISCO_L475VG_IOT01A/ARMC6/mbed-os/features/mbedtls/mbed-crypto/src/md_wrap.o
    0x0802c260   0x00000018   Code   RO         9465    .text.sha384_ctx_alloc  BUILD/DISCO_L475VG_IOT01A/ARMC6/mbed-os/features/mbedtls/mbed-crypto/src/md_wrap.o
    0x0802c278   0x00000012   Code   RO         9467    .text.sha384_ctx_free  BUILD/DISCO_L475VG_IOT01A/ARMC6/mbed-os/features/mbedtls/mbed-crypto/src/md_wrap.o
    0x0802c28a   0x00000004   Code   RO         9461    .text.sha384_finish_wrap  BUILD/DISCO_L475VG_IOT01A/ARMC6/mbed-os/features/mbedtls/mbed-crypto/src/md_wrap.o
    0x0802c28e   0x00000004   Code   RO         9471    .text.sha384_process_wrap  BUILD/DISCO_L475VG_IOT01A/ARMC6/mbed-os/features/mbedtls/mbed-crypto/src/md_wrap.o
    0x0802c292   0x00000006   Code   RO         9457    .text.sha384_starts_wrap  BUILD/DISCO_L475VG_IOT01A/ARMC6/mbed-os/features/mbedtls/mbed-crypto/src/md_wrap.o
    0x0802c298   0x00000004   Code   RO         9459    .text.sha384_update_wrap  BUILD/DISCO_L475VG_IOT01A/ARMC6/mbed-os/features/mbedtls/mbed-crypto/src/md_wrap.o
    0x0802c29c   0x00000006   Code   RO         9463    .text.sha384_wrap   BUILD/DISCO_L475VG_IOT01A/ARMC6/mbed-os/features/mbedtls/mbed-crypto/src/md_wrap.o
    0x0802c2a2   0x00000006   Code   RO         9473    .text.sha512_starts_wrap  BUILD/DISCO_L475VG_IOT01A/ARMC6/mbed-os/features/mbedtls/mbed-crypto/src/md_wrap.o
    0x0802c2a8   0x00000006   Code   RO         9475    .text.sha512_wrap   BUILD/DISCO_L475VG_IOT01A/ARMC6/mbed-os/features/mbedtls/mbed-crypto/src/md_wrap.o
    0x0802c2ae   0x00000002   PAD
    0x0802c2b0   0x00000024   Code   RO        24262    .text.sleep_manager_lock_deep_sleep_internal  BUILD/DISCO_L475VG_IOT01A/ARMC6/mbed-os/platform/source/mbed_power_mgmt.o
    0x0802c2d4   0x00000020   Code   RO        24270    .text.sleep_manager_sleep_auto  BUILD/DISCO_L475VG_IOT01A/ARMC6/mbed-os/platform/source/mbed_power_mgmt.o
    0x0802c2f4   0x00000030   Code   RO        24264    .text.sleep_manager_unlock_deep_sleep_internal  BUILD/DISCO_L475VG_IOT01A/ARMC6/mbed-os/platform/source/mbed_power_mgmt.o
    0x0802c324   0x00000084   Code   RO        29378    .text.spi_format    BUILD/DISCO_L475VG_IOT01A/ARMC6/mbed-os/targets/TARGET_STM/stm_spi_api.o
    0x0802c3a8   0x00000050   Code   RO        29380    .text.spi_frequency  BUILD/DISCO_L475VG_IOT01A/ARMC6/mbed-os/targets/TARGET_STM/stm_spi_api.o
    0x0802c3f8   0x00000054   Code   RO        28891    .text.spi_get_clock_freq  BUILD/DISCO_L475VG_IOT01A/ARMC6/mbed-os/targets/TARGET_STM/TARGET_STM32L4/spi_api.o
    0x0802c44c   0x0000003c   Code   RO        29372    .text.spi_get_peripheral_name  BUILD/DISCO_L475VG_IOT01A/ARMC6/mbed-os/targets/TARGET_STM/stm_spi_api.o
    0x0802c488   0x00000178   Code   RO        29374    .text.spi_init      BUILD/DISCO_L475VG_IOT01A/ARMC6/mbed-os/targets/TARGET_STM/stm_spi_api.o
    0x0802c600   0x0000007e   Code   RO        29384    .text.spi_master_block_write  BUILD/DISCO_L475VG_IOT01A/ARMC6/mbed-os/targets/TARGET_STM/stm_spi_api.o
    0x0802c67e   0x00000056   Code   RO        29382    .text.spi_master_write  BUILD/DISCO_L475VG_IOT01A/ARMC6/mbed-os/targets/TARGET_STM/stm_spi_api.o
    0x0802c6d4   0x00000034   Code   RO        10370    .text.ssl_append_key_cert  BUILD/DISCO_L475VG_IOT01A/ARMC6/mbed-os/features/mbedtls/src/ssl_tls.o
    0x0802c708   0x00000022   Code   RO        10250    .text.ssl_buffering_free  BUILD/DISCO_L475VG_IOT01A/ARMC6/mbed-os/features/mbedtls/src/ssl_tls.o
    0x0802c72a   0x00000046   Code   RO        10268    .text.ssl_buffering_free_slot  BUILD/DISCO_L475VG_IOT01A/ARMC6/mbed-os/features/mbedtls/src/ssl_tls.o
    0x0802c770   0x00000104   Code   RO        10538    .text.ssl_calc_finished_tls_sha256  BUILD/DISCO_L475VG_IOT01A/ARMC6/mbed-os/features/mbedtls/src/ssl_tls.o
    0x0802c874   0x00000118   Code   RO        10536    .text.ssl_calc_finished_tls_sha384  BUILD/DISCO_L475VG_IOT01A/ARMC6/mbed-os/features/mbedtls/src/ssl_tls.o
    0x0802c98c   0x00000090   Code   RO        10530    .text.ssl_calc_verify_tls_sha256  BUILD/DISCO_L475VG_IOT01A/ARMC6/mbed-os/features/mbedtls/src/ssl_tls.o
    0x0802ca1c   0x00000098   Code   RO        10528    .text.ssl_calc_verify_tls_sha384  BUILD/DISCO_L475VG_IOT01A/ARMC6/mbed-os/features/mbedtls/src/ssl_tls.o
    0x0802cab4   0x0000009c   Code   RO        10476    .text.ssl_check_ctr_renegotiate  BUILD/DISCO_L475VG_IOT01A/ARMC6/mbed-os/features/mbedtls/src/ssl_tls.o
    0x0802cb50   0x0000003c   Code   RO        10226    .text.ssl_check_timer  BUILD/DISCO_L475VG_IOT01A/ARMC6/mbed-os/features/mbedtls/src/ssl_tls.o
    0x0802cb8c   0x00000018   Code   RO        10292    .text.ssl_clear_peer_cert  BUILD/DISCO_L475VG_IOT01A/ARMC6/mbed-os/features/mbedtls/src/ssl_tls.o
    0x0802cba4   0x00000026   Code   RO        10173    .text.ssl_conf_has_psk_or_cb  BUILD/DISCO_L475VG_IOT01A/ARMC6/mbed-os/features/mbedtls/src/ssl_srv.o
    0x0802cbca   0x00000020   Code   RO        10140    .text.ssl_conf_has_static_psk  BUILD/DISCO_L475VG_IOT01A/ARMC6/mbed-os/features/mbedtls/src/ssl_cli.o
    0x0802cbea   0x00000002   PAD
    0x0802cbec   0x00000004   Code   RO        10498    .text.ssl_cookie_check_dummy  BUILD/DISCO_L475VG_IOT01A/ARMC6/mbed-os/features/mbedtls/src/ssl_tls.o
    0x0802cbf0   0x00000008   Code   RO        10496    .text.ssl_cookie_write_dummy  BUILD/DISCO_L475VG_IOT01A/ARMC6/mbed-os/features/mbedtls/src/ssl_tls.o
    0x0802cbf8   0x0000001a   Code   RO        10248    .text.ssl_flight_free  BUILD/DISCO_L475VG_IOT01A/ARMC6/mbed-os/features/mbedtls/src/ssl_tls.o
    0x0802cc12   0x00000026   Code   RO        10544    .text.ssl_free_buffered_record  BUILD/DISCO_L475VG_IOT01A/ARMC6/mbed-os/features/mbedtls/src/ssl_tls.o
    0x0802cc38   0x00000036   Code   RO        10448    .text.ssl_get_current_mtu  BUILD/DISCO_L475VG_IOT01A/ARMC6/mbed-os/features/mbedtls/src/ssl_tls.o
    0x0802cc6e   0x00000012   Code   RO        10542    .text.ssl_get_hs_frag_len  BUILD/DISCO_L475VG_IOT01A/ARMC6/mbed-os/features/mbedtls/src/ssl_tls.o
    0x0802cc80   0x00000012   Code   RO        10540    .text.ssl_get_hs_frag_off  BUILD/DISCO_L475VG_IOT01A/ARMC6/mbed-os/features/mbedtls/src/ssl_tls.o
    0x0802cc92   0x00000012   Code   RO        10262    .text.ssl_get_hs_total_len  BUILD/DISCO_L475VG_IOT01A/ARMC6/mbed-os/features/mbedtls/src/ssl_tls.o
    0x0802cca4   0x0000004e   Code   RO        10242    .text.ssl_get_remaining_payload_in_datagram  BUILD/DISCO_L475VG_IOT01A/ARMC6/mbed-os/features/mbedtls/src/ssl_tls.o
    0x0802ccf2   0x00000026   Code   RO        10258    .text.ssl_get_remaining_space_in_datagram  BUILD/DISCO_L475VG_IOT01A/ARMC6/mbed-os/features/mbedtls/src/ssl_tls.o
    0x0802cd18   0x0000013c   Code   RO        10324    .text.ssl_handshake_init  BUILD/DISCO_L475VG_IOT01A/ARMC6/mbed-os/features/mbedtls/src/ssl_tls.o
    0x0802ce54   0x00000094   Code   RO        10280    .text.ssl_handshake_wrapup_free_hs_transform  BUILD/DISCO_L475VG_IOT01A/ARMC6/mbed-os/features/mbedtls/src/ssl_tls.o
    0x0802cee8   0x00000038   Code   RO        10264    .text.ssl_hs_is_proper_fragment  BUILD/DISCO_L475VG_IOT01A/ARMC6/mbed-os/features/mbedtls/src/ssl_tls.o
    0x0802cf20   0x00000010   Code   RO        10272    .text.ssl_load_six_bytes  BUILD/DISCO_L475VG_IOT01A/ARMC6/mbed-os/features/mbedtls/src/ssl_tls.o
    0x0802cf30   0x00000024   Code   RO        10414    .text.ssl_mfl_code_to_length  BUILD/DISCO_L475VG_IOT01A/ARMC6/mbed-os/features/mbedtls/src/ssl_tls.o
    0x0802cf54   0x000000f8   Code   RO        10175    .text.ssl_parse_client_psk_identity  BUILD/DISCO_L475VG_IOT01A/ARMC6/mbed-os/features/mbedtls/src/ssl_srv.o
    0x0802d04c   0x00000268   Code   RO        10198    .text.ssl_parse_record_header  BUILD/DISCO_L475VG_IOT01A/ARMC6/mbed-os/features/mbedtls/src/ssl_tls.o
    0x0802d2b4   0x00000518   Code   RO        10214    .text.ssl_populate_transform  BUILD/DISCO_L475VG_IOT01A/ARMC6/mbed-os/features/mbedtls/src/ssl_tls.o
    0x0802d7cc   0x0000001c   Code   RO        10222    .text.ssl_read_memory  BUILD/DISCO_L475VG_IOT01A/ARMC6/mbed-os/features/mbedtls/src/ssl_tls.o
    0x0802d7e8   0x00000078   Code   RO        10232    .text.ssl_resend_hello_request  BUILD/DISCO_L475VG_IOT01A/ARMC6/mbed-os/features/mbedtls/src/ssl_tls.o
    0x0802d860   0x00000032   Code   RO        10322    .text.ssl_reset_in_out_pointers  BUILD/DISCO_L475VG_IOT01A/ARMC6/mbed-os/features/mbedtls/src/ssl_tls.o
    0x0802d892   0x000000ac   Code   RO        10328    .text.ssl_session_reset_int  BUILD/DISCO_L475VG_IOT01A/ARMC6/mbed-os/features/mbedtls/src/ssl_tls.o
    0x0802d93e   0x00000002   PAD
    0x0802d940   0x00000048   Code   RO        10228    .text.ssl_set_timer  BUILD/DISCO_L475VG_IOT01A/ARMC6/mbed-os/features/mbedtls/src/ssl_tls.o
    0x0802d988   0x000000ac   Code   RO        10472    .text.ssl_start_renegotiation  BUILD/DISCO_L475VG_IOT01A/ARMC6/mbed-os/features/mbedtls/src/ssl_tls.o
    0x0802da34   0x00000084   Code   RO        10240    .text.ssl_swap_epochs  BUILD/DISCO_L475VG_IOT01A/ARMC6/mbed-os/features/mbedtls/src/ssl_tls.o
    0x0802dab8   0x0000000a   Code   RO        10304    .text.ssl_update_checksum_sha256  BUILD/DISCO_L475VG_IOT01A/ARMC6/mbed-os/features/mbedtls/src/ssl_tls.o
    0x0802dac2   0x0000000a   Code   RO        10302    .text.ssl_update_checksum_sha384  BUILD/DISCO_L475VG_IOT01A/ARMC6/mbed-os/features/mbedtls/src/ssl_tls.o
    0x0802dacc   0x00000024   Code   RO        10546    .text.ssl_update_checksum_start  BUILD/DISCO_L475VG_IOT01A/ARMC6/mbed-os/features/mbedtls/src/ssl_tls.o
    0x0802daf0   0x00000038   Code   RO        10298    .text.ssl_update_in_pointers  BUILD/DISCO_L475VG_IOT01A/ARMC6/mbed-os/features/mbedtls/src/ssl_tls.o
    0x0802db28   0x00000054   Code   RO        10236    .text.ssl_update_out_pointers  BUILD/DISCO_L475VG_IOT01A/ARMC6/mbed-os/features/mbedtls/src/ssl_tls.o
    0x0802db7c   0x0000003a   Code   RO        10138    .text.ssl_validate_ciphersuite  BUILD/DISCO_L475VG_IOT01A/ARMC6/mbed-os/features/mbedtls/src/ssl_cli.o
    0x0802dbb6   0x00000002   PAD
    0x0802dbb8   0x00000094   Code   RO        10470    .text.ssl_write_hello_request  BUILD/DISCO_L475VG_IOT01A/ARMC6/mbed-os/features/mbedtls/src/ssl_tls.o
    0x0802dc4c   0x0000003c   Code   RO        29232    .text.stm_pin_PullConfig  BUILD/DISCO_L475VG_IOT01A/ARMC6/mbed-os/targets/TARGET_STM/pinmap.o
    0x0802dc88   0x00000062   Code   RO         5883    .text.stoip4        BUILD/DISCO_L475VG_IOT01A/ARMC6/mbed-os/features/frameworks/nanostack-libservice/source/libip4string/stoip4.o
    0x0802dcea   0x00000128   Code   RO         5893    .text.stoip6        BUILD/DISCO_L475VG_IOT01A/ARMC6/mbed-os/features/frameworks/nanostack-libservice/source/libip6string/stoip6.o
    0x0802de12   0x00000016   Code   RO         9249    .text.sub32         BUILD/DISCO_L475VG_IOT01A/ARMC6/mbed-os/features/mbedtls/mbed-crypto/src/ecp_curves.o
    0x0802de28   0x00000014   Code   RO        24801    .text.svcRtxDelay   BUILD/DISCO_L475VG_IOT01A/ARMC6/mbed-os/rtos/source/TARGET_CORTEX/rtx5/RTX/Source/rtx_delay.o
    0x0802de3c   0x00000068   Code   RO        24837    .text.svcRtxEventFlagsDelete  BUILD/DISCO_L475VG_IOT01A/ARMC6/mbed-os/rtos/source/TARGET_CORTEX/rtx5/RTX/Source/rtx_evflags.o
    0x0802dea4   0x00000074   Code   RO        24825    .text.svcRtxEventFlagsNew  BUILD/DISCO_L475VG_IOT01A/ARMC6/mbed-os/rtos/source/TARGET_CORTEX/rtx5/RTX/Source/rtx_evflags.o
    0x0802df18   0x00000080   Code   RO        24833    .text.svcRtxEventFlagsSet  BUILD/DISCO_L475VG_IOT01A/ARMC6/mbed-os/rtos/source/TARGET_CORTEX/rtx5/RTX/Source/rtx_evflags.o
    0x0802df98   0x00000064   Code   RO        24835    .text.svcRtxEventFlagsWait  BUILD/DISCO_L475VG_IOT01A/ARMC6/mbed-os/rtos/source/TARGET_CORTEX/rtx5/RTX/Source/rtx_evflags.o
    0x0802dffc   0x00000008   Code   RO        24879    .text.svcRtxKernelGetState  BUILD/DISCO_L475VG_IOT01A/ARMC6/mbed-os/rtos/source/TARGET_CORTEX/rtx5/RTX/Source/rtx_kernel.o
    0x0802e004   0x00000008   Code   RO        24895    .text.svcRtxKernelGetTickCount  BUILD/DISCO_L475VG_IOT01A/ARMC6/mbed-os/rtos/source/TARGET_CORTEX/rtx5/RTX/Source/rtx_kernel.o
    0x0802e00c   0x00000150   Code   RO        24909    .text.svcRtxKernelInitialize  BUILD/DISCO_L475VG_IOT01A/ARMC6/mbed-os/rtos/source/TARGET_CORTEX/rtx5/RTX/Source/rtx_kernel.o
    0x0802e15c   0x00000088   Code   RO        24921    .text.svcRtxKernelResume  BUILD/DISCO_L475VG_IOT01A/ARMC6/mbed-os/rtos/source/TARGET_CORTEX/rtx5/RTX/Source/rtx_kernel.o
    0x0802e1e4   0x000000a0   Code   RO        24911    .text.svcRtxKernelStart  BUILD/DISCO_L475VG_IOT01A/ARMC6/mbed-os/rtos/source/TARGET_CORTEX/rtx5/RTX/Source/rtx_kernel.o
    0x0802e284   0x00000058   Code   RO        24919    .text.svcRtxKernelSuspend  BUILD/DISCO_L475VG_IOT01A/ARMC6/mbed-os/rtos/source/TARGET_CORTEX/rtx5/RTX/Source/rtx_kernel.o
    0x0802e2dc   0x000000e0   Code   RO        25039    .text.svcRtxMessageQueueGet  BUILD/DISCO_L475VG_IOT01A/ARMC6/mbed-os/rtos/source/TARGET_CORTEX/rtx5/RTX/Source/rtx_msgqueue.o
    0x0802e3bc   0x0000013c   Code   RO        25025    .text.svcRtxMessageQueueNew  BUILD/DISCO_L475VG_IOT01A/ARMC6/mbed-os/rtos/source/TARGET_CORTEX/rtx5/RTX/Source/rtx_msgqueue.o
    0x0802e4f8   0x000000c0   Code   RO        25035    .text.svcRtxMessageQueuePut  BUILD/DISCO_L475VG_IOT01A/ARMC6/mbed-os/rtos/source/TARGET_CORTEX/rtx5/RTX/Source/rtx_msgqueue.o
    0x0802e5b8   0x000000b0   Code   RO        25065    .text.svcRtxMutexAcquire  BUILD/DISCO_L475VG_IOT01A/ARMC6/mbed-os/rtos/source/TARGET_CORTEX/rtx5/RTX/Source/rtx_mutex.o
    0x0802e668   0x000000b8   Code   RO        25071    .text.svcRtxMutexDelete  BUILD/DISCO_L475VG_IOT01A/ARMC6/mbed-os/rtos/source/TARGET_CORTEX/rtx5/RTX/Source/rtx_mutex.o
    0x0802e720   0x00000078   Code   RO        25061    .text.svcRtxMutexNew  BUILD/DISCO_L475VG_IOT01A/ARMC6/mbed-os/rtos/source/TARGET_CORTEX/rtx5/RTX/Source/rtx_mutex.o
    0x0802e798   0x000000d0   Code   RO        25067    .text.svcRtxMutexRelease  BUILD/DISCO_L475VG_IOT01A/ARMC6/mbed-os/rtos/source/TARGET_CORTEX/rtx5/RTX/Source/rtx_mutex.o
    0x0802e868   0x0000006c   Code   RO        25101    .text.svcRtxSemaphoreDelete  BUILD/DISCO_L475VG_IOT01A/ARMC6/mbed-os/rtos/source/TARGET_CORTEX/rtx5/RTX/Source/rtx_semaphore.o
    0x0802e8d4   0x00000098   Code   RO        25089    .text.svcRtxSemaphoreNew  BUILD/DISCO_L475VG_IOT01A/ARMC6/mbed-os/rtos/source/TARGET_CORTEX/rtx5/RTX/Source/rtx_semaphore.o
    0x0802e96c   0x00000050   Code   RO        25099    .text.svcRtxSemaphoreRelease  BUILD/DISCO_L475VG_IOT01A/ARMC6/mbed-os/rtos/source/TARGET_CORTEX/rtx5/RTX/Source/rtx_semaphore.o
    0x0802e9bc   0x00000068   Code   RO        25221    .text.svcRtxThreadExit  BUILD/DISCO_L475VG_IOT01A/ARMC6/mbed-os/rtos/source/TARGET_CORTEX/rtx5/RTX/Source/rtx_thread.o
    0x0802ea24   0x0000000c   Code   RO        25153    .text.svcRtxThreadGetId  BUILD/DISCO_L475VG_IOT01A/ARMC6/mbed-os/rtos/source/TARGET_CORTEX/rtx5/RTX/Source/rtx_thread.o
    0x0802ea30   0x000001fc   Code   RO        25145    .text.svcRtxThreadNew  BUILD/DISCO_L475VG_IOT01A/ARMC6/mbed-os/rtos/source/TARGET_CORTEX/rtx5/RTX/Source/rtx_thread.o
    0x0802ec2c   0x000000cc   Code   RO        25223    .text.svcRtxThreadTerminate  BUILD/DISCO_L475VG_IOT01A/ARMC6/mbed-os/rtos/source/TARGET_CORTEX/rtx5/RTX/Source/rtx_thread.o
    0x0802ecf8   0x00000004   Code   RO        24158    .text.system_reset  BUILD/DISCO_L475VG_IOT01A/ARMC6/mbed-os/platform/source/mbed_error.o
    0x0802ecfc   0x00000004   Code   RO        24507    .text.thread_sleep_for  BUILD/DISCO_L475VG_IOT01A/ARMC6/mbed-os/platform/source/mbed_thread.o
    0x0802ed00   0x00000066   Code   RO        23541    .text.ticker_insert_event_us  BUILD/DISCO_L475VG_IOT01A/ARMC6/mbed-os/hal/mbed_ticker_api.o
    0x0802ed66   0x00000060   Code   RO        23533    .text.ticker_irq_handler  BUILD/DISCO_L475VG_IOT01A/ARMC6/mbed-os/hal/mbed_ticker_api.o
    0x0802edc6   0x00000022   Code   RO        23547    .text.ticker_read_us  BUILD/DISCO_L475VG_IOT01A/ARMC6/mbed-os/hal/mbed_ticker_api.o
    0x0802ede8   0x00000034   Code   RO        23543    .text.ticker_remove_event  BUILD/DISCO_L475VG_IOT01A/ARMC6/mbed-os/hal/mbed_ticker_api.o
    0x0802ee1c   0x0000001a   Code   RO        23529    .text.ticker_set_handler  BUILD/DISCO_L475VG_IOT01A/ARMC6/mbed-os/hal/mbed_ticker_api.o
    0x0802ee36   0x00000012   Code   RO        24483    .text.time          BUILD/DISCO_L475VG_IOT01A/ARMC6/mbed-os/platform/source/mbed_rtc_time.o
    0x0802ee48   0x00000024   Code   RO        29437    .text.timer_irq_handler  BUILD/DISCO_L475VG_IOT01A/ARMC6/mbed-os/targets/TARGET_STM/us_ticker.o
    0x0802ee6c   0x0000012c   Code   RO        10534    .text.tls_prf_generic  BUILD/DISCO_L475VG_IOT01A/ARMC6/mbed-os/features/mbedtls/src/ssl_tls.o
    0x0802ef98   0x00000022   Code   RO        10210    .text.tls_prf_sha256  BUILD/DISCO_L475VG_IOT01A/ARMC6/mbed-os/features/mbedtls/src/ssl_tls.o
    0x0802efba   0x00000022   Code   RO        10208    .text.tls_prf_sha384  BUILD/DISCO_L475VG_IOT01A/ARMC6/mbed-os/features/mbedtls/src/ssl_tls.o
    0x0802efdc   0x00000018   Code   RO        29427    .text.trng_free     BUILD/DISCO_L475VG_IOT01A/ARMC6/mbed-os/targets/TARGET_STM/trng_api.o
    0x0802eff4   0x0000006c   Code   RO        29429    .text.trng_get_bytes  BUILD/DISCO_L475VG_IOT01A/ARMC6/mbed-os/targets/TARGET_STM/trng_api.o
    0x0802f060   0x000000ac   Code   RO        29425    .text.trng_init     BUILD/DISCO_L475VG_IOT01A/ARMC6/mbed-os/targets/TARGET_STM/trng_api.o
    0x0802f10c   0x000000c0   Code   RO        23535    .text.update_present_time  BUILD/DISCO_L475VG_IOT01A/ARMC6/mbed-os/hal/mbed_ticker_api.o
    0x0802f1cc   0x0000000c   Code   RO        29451    .text.us_ticker_clear_interrupt  BUILD/DISCO_L475VG_IOT01A/ARMC6/mbed-os/targets/TARGET_STM/us_ticker.o
    0x0802f1d8   0x00000010   Code   RO        29449    .text.us_ticker_disable_interrupt  BUILD/DISCO_L475VG_IOT01A/ARMC6/mbed-os/targets/TARGET_STM/us_ticker.o
    0x0802f1e8   0x0000001c   Code   RO        29447    .text.us_ticker_fire_interrupt  BUILD/DISCO_L475VG_IOT01A/ARMC6/mbed-os/targets/TARGET_STM/us_ticker.o
    0x0802f204   0x00000008   Code   RO        29435    .text.us_ticker_get_info  BUILD/DISCO_L475VG_IOT01A/ARMC6/mbed-os/targets/TARGET_STM/us_ticker.o
    0x0802f20c   0x00000018   Code   RO        29441    .text.us_ticker_init  BUILD/DISCO_L475VG_IOT01A/ARMC6/mbed-os/targets/TARGET_STM/us_ticker.o
    0x0802f224   0x00000014   Code   RO        23561    .text.us_ticker_irq_handler  BUILD/DISCO_L475VG_IOT01A/ARMC6/mbed-os/hal/mbed_us_ticker_api.o
    0x0802f238   0x0000000c   Code   RO        29443    .text.us_ticker_read  BUILD/DISCO_L475VG_IOT01A/ARMC6/mbed-os/targets/TARGET_STM/us_ticker.o
    0x0802f244   0x0000001c   Code   RO        29445    .text.us_ticker_set_interrupt  BUILD/DISCO_L475VG_IOT01A/ARMC6/mbed-os/targets/TARGET_STM/us_ticker.o
    0x0802f260   0x00000028   Code   RO        24528    .text.wait_ms       BUILD/DISCO_L475VG_IOT01A/ARMC6/mbed-os/platform/source/mbed_wait_api_rtos.o
    0x0802f288   0x00000030   Code   RO        24319    .text.write         BUILD/DISCO_L475VG_IOT01A/ARMC6/mbed-os/platform/source/mbed_retarget.o
    0x0802f2b8   0x00000028   Code   RO          283    .text.writeCString  BUILD/DISCO_L475VG_IOT01A/ARMC6/mbed-mqtt/paho_mqtt_embedded_c/MQTTPacket/src/MQTTPacket.o
    0x0802f2e0   0x0000000c   Code   RO          279    .text.writeChar     BUILD/DISCO_L475VG_IOT01A/ARMC6/mbed-mqtt/paho_mqtt_embedded_c/MQTTPacket/src/MQTTPacket.o
    0x0802f2ec   0x0000001c   Code   RO          281    .text.writeInt      BUILD/DISCO_L475VG_IOT01A/ARMC6/mbed-mqtt/paho_mqtt_embedded_c/MQTTPacket/src/MQTTPacket.o
    0x0802f308   0x00000028   Code   RO          137    .text.writeMQTTSNString  BUILD/DISCO_L475VG_IOT01A/ARMC6/mbed-mqtt/paho_mqtt-sn_embedded_c/MQTTSNPacket/src/MQTTSNPacket.o
    0x0802f330   0x00000046   Code   RO          287    .text.writeMQTTString  BUILD/DISCO_L475VG_IOT01A/ARMC6/mbed-mqtt/paho_mqtt_embedded_c/MQTTPacket/src/MQTTPacket.o
    0x0802f376   0x00000060   Code   RO        10657    .text.x509_crt_check_cn  BUILD/DISCO_L475VG_IOT01A/ARMC6/mbed-os/features/mbedtls/src/x509_crt.o
    0x0802f3d6   0x00000002   PAD
    0x0802f3d8   0x000004b0   Code   RO        10641    .text.x509_crt_verify_restartable_ca_cb  BUILD/DISCO_L475VG_IOT01A/ARMC6/mbed-os/features/mbedtls/src/x509_crt.o
    0x0802f888   0x00000038   Code   RO        10651    .text.x509_get_uid  BUILD/DISCO_L475VG_IOT01A/ARMC6/mbed-os/features/mbedtls/src/x509_crt.o
    0x0802f8c0   0x0000002e   Code   RO        10659    .text.x509_memcasecmp  BUILD/DISCO_L475VG_IOT01A/ARMC6/mbed-os/features/mbedtls/src/x509_crt.o
    0x0802f8ee   0x00000082   Code   RO        10663    .text.x509_name_cmp  BUILD/DISCO_L475VG_IOT01A/ARMC6/mbed-os/features/mbedtls/src/x509_crt.o
    0x0802f970   0x00000038   Code   RO        10600    .text.x509_parse_int  BUILD/DISCO_L475VG_IOT01A/ARMC6/mbed-os/features/mbedtls/src/x509.o
    0x0802f9a8   0x00000052   Code   RO        10655    .text.x509_profile_check_key  BUILD/DISCO_L475VG_IOT01A/ARMC6/mbed-os/features/mbedtls/src/x509_crt.o
    0x0802f9fa   0x0000001c   Code   RO        10661    .text.x509_profile_check_md_alg  BUILD/DISCO_L475VG_IOT01A/ARMC6/mbed-os/features/mbedtls/src/x509_crt.o
    0x0802fa16   0x0000001c   Code   RO        10653    .text.x509_profile_check_pk_alg  BUILD/DISCO_L475VG_IOT01A/ARMC6/mbed-os/features/mbedtls/src/x509_crt.o
    0x0802fa32   0x0000003e   Code   RO        30705    CL$$btod_d2e        c:\ProgramData\Mbed Studio\mbed-studio-tools\ac6\bin\..\lib\armlib\c_w.l(btod.o)
    0x0802fa70   0x00000046   Code   RO        30707    CL$$btod_d2e_denorm_low  c:\ProgramData\Mbed Studio\mbed-studio-tools\ac6\bin\..\lib\armlib\c_w.l(btod.o)
    0x0802fab6   0x00000060   Code   RO        30706    CL$$btod_d2e_norm_op1  c:\ProgramData\Mbed Studio\mbed-studio-tools\ac6\bin\..\lib\armlib\c_w.l(btod.o)
    0x0802fb16   0x00000338   Code   RO        30715    CL$$btod_div_common  c:\ProgramData\Mbed Studio\mbed-studio-tools\ac6\bin\..\lib\armlib\c_w.l(btod.o)
    0x0802fe4e   0x00000002   PAD
    0x0802fe50   0x00000084   Code   RO        30713    CL$$btod_e2d        c:\ProgramData\Mbed Studio\mbed-studio-tools\ac6\bin\..\lib\armlib\c_w.l(btod.o)
    0x0802fed4   0x000000dc   Code   RO        30712    CL$$btod_e2e        c:\ProgramData\Mbed Studio\mbed-studio-tools\ac6\bin\..\lib\armlib\c_w.l(btod.o)
    0x0802ffb0   0x0000002a   Code   RO        30709    CL$$btod_ediv       c:\ProgramData\Mbed Studio\mbed-studio-tools\ac6\bin\..\lib\armlib\c_w.l(btod.o)
    0x0802ffda   0x0000002a   Code   RO        30711    CL$$btod_edivd      c:\ProgramData\Mbed Studio\mbed-studio-tools\ac6\bin\..\lib\armlib\c_w.l(btod.o)
    0x08030004   0x0000002a   Code   RO        30708    CL$$btod_emul       c:\ProgramData\Mbed Studio\mbed-studio-tools\ac6\bin\..\lib\armlib\c_w.l(btod.o)
    0x0803002e   0x0000002a   Code   RO        30710    CL$$btod_emuld      c:\ProgramData\Mbed Studio\mbed-studio-tools\ac6\bin\..\lib\armlib\c_w.l(btod.o)
    0x08030058   0x00000244   Code   RO        30714    CL$$btod_mult_common  c:\ProgramData\Mbed Studio\mbed-studio-tools\ac6\bin\..\lib\armlib\c_w.l(btod.o)
    0x0803029c   0x00000030   Code   RO        30809    i.__ARM_fpclassify  c:\ProgramData\Mbed Studio\mbed-studio-tools\ac6\bin\..\lib\armlib\m_wm.l(fpclassify.o)
    0x080302cc   0x00000004   PAD
    0x080302d0   0x000000f8   Code   RO        30853    i.__hardfp___mathlib_tofloat  c:\ProgramData\Mbed Studio\mbed-studio-tools\ac6\bin\..\lib\armlib\m_wm.l(narrow.o)
    0x080303c8   0x000000d0   Code   RO        30891    i.__hardfp_ldexp    c:\ProgramData\Mbed Studio\mbed-studio-tools\ac6\bin\..\lib\armlib\m_wm.l(ldexp.o)
    0x08030498   0x00000020   Code   RO        30923    i.__mathlib_dbl_overflow  c:\ProgramData\Mbed Studio\mbed-studio-tools\ac6\bin\..\lib\armlib\m_wm.l(dunder.o)
    0x080304b8   0x00000020   Code   RO        30925    i.__mathlib_dbl_underflow  c:\ProgramData\Mbed Studio\mbed-studio-tools\ac6\bin\..\lib\armlib\m_wm.l(dunder.o)
    0x080304d8   0x00000012   Code   RO        30854    i.__mathlib_narrow  c:\ProgramData\Mbed Studio\mbed-studio-tools\ac6\bin\..\lib\armlib\m_wm.l(narrow.o)
    0x080304ea   0x00000014   Code   RO        30893    i.__support_ldexp   c:\ProgramData\Mbed Studio\mbed-studio-tools\ac6\bin\..\lib\armlib\m_wm.l(ldexp.o)
    0x080304fe   0x0000000e   Code   RO        30170    i._is_digit         c:\ProgramData\Mbed Studio\mbed-studio-tools\ac6\bin\..\lib\armlib\c_w.l(__printf_wp.o)
    0x0803050c   0x0000001a   Code   RO        30217    i.fputc             c:\ProgramData\Mbed Studio\mbed-studio-tools\ac6\bin\..\lib\armlib\c_w.l(fputc.o)
    0x08030526   0x00000002   PAD
    0x08030528   0x0000008c   Code   RO        30883    i.frexp             c:\ProgramData\Mbed Studio\mbed-studio-tools\ac6\bin\..\lib\armlib\m_wm.l(frexp.o)
    0x080305b4   0x0000002c   Code   RO        30554    locale$$code        c:\ProgramData\Mbed Studio\mbed-studio-tools\ac6\bin\..\lib\armlib\c_w.l(lc_ctype_c.o)
    0x080305e0   0x0000002c   Code   RO        30756    locale$$code        c:\ProgramData\Mbed Studio\mbed-studio-tools\ac6\bin\..\lib\armlib\c_w.l(lc_numeric_c.o)
    0x0803060c   0x0000002c   Code   RO        30825    locale$$code        c:\ProgramData\Mbed Studio\mbed-studio-tools\ac6\bin\..\lib\armlib\c_w.l(lc_time_c.o)
    0x08030638   0x00000062   Code   RO        30877    x$fpl$d2f           c:\ProgramData\Mbed Studio\mbed-studio-tools\ac6\bin\..\lib\armlib\fz_wm.l(d2f.o)
    0x0803069a   0x00000002   PAD
    0x0803069c   0x00000010   Code   RO        30934    x$fpl$dcheck1       c:\ProgramData\Mbed Studio\mbed-studio-tools\ac6\bin\..\lib\armlib\fz_wm.l(dcheck1.o)
    0x080306ac   0x00000018   Code   RO        30795    x$fpl$dcmpinf       c:\ProgramData\Mbed Studio\mbed-studio-tools\ac6\bin\..\lib\armlib\fz_wm.l(dcmpi.o)
    0x080306c4   0x00000078   Code   RO        30625    x$fpl$deqf          c:\ProgramData\Mbed Studio\mbed-studio-tools\ac6\bin\..\lib\armlib\fz_wm.l(deqf.o)
    0x0803073c   0x00000078   Code   RO        30629    x$fpl$dleqf         c:\ProgramData\Mbed Studio\mbed-studio-tools\ac6\bin\..\lib\armlib\fz_wm.l(dleqf.o)
    0x080307b4   0x00000154   Code   RO        30352    x$fpl$dmul          c:\ProgramData\Mbed Studio\mbed-studio-tools\ac6\bin\..\lib\armlib\fz_wm.l(dmul.o)
    0x08030908   0x0000009c   Code   RO        30631    x$fpl$dnaninf       c:\ProgramData\Mbed Studio\mbed-studio-tools\ac6\bin\..\lib\armlib\fz_wm.l(dnaninf.o)
    0x080309a4   0x0000000c   Code   RO        30633    x$fpl$dretinf       c:\ProgramData\Mbed Studio\mbed-studio-tools\ac6\bin\..\lib\armlib\fz_wm.l(dretinf.o)
    0x080309b0   0x0000006c   Code   RO        30879    x$fpl$drleqf        c:\ProgramData\Mbed Studio\mbed-studio-tools\ac6\bin\..\lib\armlib\fz_wm.l(drleqf.o)
    0x08030a1c   0x0000001a   Code   RO        30797    x$fpl$fpinit        c:\ProgramData\Mbed Studio\mbed-studio-tools\ac6\bin\..\lib\armlib\fz_wm.l(fpinit.o)
    0x08030a36   0x0000000a   Code   RO        30889    x$fpl$fretinf       c:\ProgramData\Mbed Studio\mbed-studio-tools\ac6\bin\..\lib\armlib\fz_wm.l(fretinf.o)
    0x08030a40   0x00000006   Code   RO        30799    x$fpl$ieeestatus    c:\ProgramData\Mbed Studio\mbed-studio-tools\ac6\bin\..\lib\armlib\fz_wm.l(istatus.o)
    0x08030a46   0x00000004   Code   RO        30362    x$fpl$printf1       c:\ProgramData\Mbed Studio\mbed-studio-tools\ac6\bin\..\lib\armlib\fz_wm.l(printf1.o)
    0x08030a4a   0x00000004   Code   RO        30637    x$fpl$printf2       c:\ProgramData\Mbed Studio\mbed-studio-tools\ac6\bin\..\lib\armlib\fz_wm.l(printf2.o)
    0x08030a4e   0x00000064   Code   RO        30936    x$fpl$retnan        c:\ProgramData\Mbed Studio\mbed-studio-tools\ac6\bin\..\lib\armlib\fz_wm.l(retnan.o)
    0x08030ab2   0x0000005c   Code   RO        30917    x$fpl$scalbn        c:\ProgramData\Mbed Studio\mbed-studio-tools\ac6\bin\..\lib\armlib\fz_wm.l(scalbn.o)
    0x08030b0e   0x00000004   Code   RO        30643    x$fpl$scanf1        c:\ProgramData\Mbed Studio\mbed-studio-tools\ac6\bin\..\lib\armlib\fz_wm.l(scanf1.o)
    0x08030b12   0x00000008   Code   RO        30847    x$fpl$scanf2        c:\ProgramData\Mbed Studio\mbed-studio-tools\ac6\bin\..\lib\armlib\fz_wm.l(scanf2.o)
    0x08030b1a   0x00000030   Code   RO        30938    x$fpl$trapveneer    c:\ProgramData\Mbed Studio\mbed-studio-tools\ac6\bin\..\lib\armlib\fz_wm.l(trapv.o)
    0x08030b4a   0x00000000   Code   RO        30645    x$fpl$usenofp       c:\ProgramData\Mbed Studio\mbed-studio-tools\ac6\bin\..\lib\armlib\fz_wm.l(usenofp.o)
    0x08030b4a   0x00000002   PAD
    0x08030b4c   0x00000008   Data   RO        30131    .constdata          c:\ProgramData\Mbed Studio\mbed-studio-tools\ac6\bin\..\lib\armlib\c_w.l(_printf_wctomb.o)
    0x08030b54   0x00000028   Data   RO        30158    .constdata          c:\ProgramData\Mbed Studio\mbed-studio-tools\ac6\bin\..\lib\armlib\c_w.l(_printf_hex_int_ll_ptr.o)
    0x08030b7c   0x00000011   Data   RO        30178    .constdata          c:\ProgramData\Mbed Studio\mbed-studio-tools\ac6\bin\..\lib\armlib\c_w.l(__printf_flags_ss_wp.o)
    0x08030b8d   0x0000000c   Data   RO        30563    .constdata          c:\ProgramData\Mbed Studio\mbed-studio-tools\ac6\bin\..\lib\armlib\c_w.l(_monlen.o)
    0x08030b99   0x00000026   Data   RO        30682    .constdata          c:\ProgramData\Mbed Studio\mbed-studio-tools\ac6\bin\..\lib\armlib\c_w.l(_printf_fp_hex.o)
    0x08030bbf   0x00000001   PAD
    0x08030bc0   0x00000094   Data   RO        30703    .constdata          c:\ProgramData\Mbed Studio\mbed-studio-tools\ac6\bin\..\lib\armlib\c_w.l(bigflt0.o)
    0x08030c54   0x000000a0   Data   RO        24933    .rodata             BUILD/DISCO_L475VG_IOT01A/ARMC6/mbed-os/rtos/source/TARGET_CORTEX/rtx5/RTX/Source/rtx_lib.o
    0x08030cf4   0x00000005   Data   RO         9530    .rodata..L.str.116  BUILD/DISCO_L475VG_IOT01A/ARMC6/mbed-os/features/mbedtls/mbed-crypto/src/oid.o
    0x08030cf9   0x00000006   Data   RO         9531    .rodata..L.str.163  BUILD/DISCO_L475VG_IOT01A/ARMC6/mbed-os/features/mbedtls/mbed-crypto/src/oid.o
    0x08030cff   0x00000001   PAD
    0x08030d00   0x00000058   Data   RO           18    .rodata..L__const.main.data  BUILD/DISCO_L475VG_IOT01A/ARMC6/main.o
    0x08030d58   0x0000000c   Data   RO        29422    .rodata..Lswitch.table.spi_format.3  BUILD/DISCO_L475VG_IOT01A/ARMC6/mbed-os/targets/TARGET_STM/stm_spi_api.o
    0x08030d64   0x00000010   Data   RO        28828    .rodata.AHBPrescTable  BUILD/DISCO_L475VG_IOT01A/ARMC6/mbed-os/targets/TARGET_STM/TARGET_STM32L4/device/system_stm32l4xx.o
    0x08030d74   0x00000008   Data   RO        28829    .rodata.APBPrescTable  BUILD/DISCO_L475VG_IOT01A/ARMC6/mbed-os/targets/TARGET_STM/TARGET_STM32L4/device/system_stm32l4xx.o
    0x08030d7c   0x00000100   Data   RO         8578    .rodata.FSb         BUILD/DISCO_L475VG_IOT01A/ARMC6/mbed-os/features/mbedtls/mbed-crypto/src/aes.o
    0x08030e7c   0x00000400   Data   RO         8583    .rodata.FT0         BUILD/DISCO_L475VG_IOT01A/ARMC6/mbed-os/features/mbedtls/mbed-crypto/src/aes.o
    0x0803127c   0x00000400   Data   RO         8584    .rodata.FT1         BUILD/DISCO_L475VG_IOT01A/ARMC6/mbed-os/features/mbedtls/mbed-crypto/src/aes.o
    0x0803167c   0x00000400   Data   RO         8585    .rodata.FT2         BUILD/DISCO_L475VG_IOT01A/ARMC6/mbed-os/features/mbedtls/mbed-crypto/src/aes.o
    0x08031a7c   0x00000400   Data   RO         8586    .rodata.FT3         BUILD/DISCO_L475VG_IOT01A/ARMC6/mbed-os/features/mbedtls/mbed-crypto/src/aes.o
    0x08031e7c   0x00000100   Data   RO         9873    .rodata.K           BUILD/DISCO_L475VG_IOT01A/ARMC6/mbed-os/features/mbedtls/mbed-crypto/src/sha256.o
    0x08031f7c   0x00000004   PAD
    0x08031f80   0x00000280   Data   RO         9906    .rodata.K           BUILD/DISCO_L475VG_IOT01A/ARMC6/mbed-os/features/mbedtls/mbed-crypto/src/sha512.o
    0x08032200   0x00000030   Data   RO        28830    .rodata.MSIRangeTable  BUILD/DISCO_L475VG_IOT01A/ARMC6/mbed-os/targets/TARGET_STM/TARGET_STM32L4/device/system_stm32l4xx.o
    0x08032230   0x0000006c   Data   RO        25399    .rodata.PinMap_SPI_MISO  BUILD/DISCO_L475VG_IOT01A/ARMC6/mbed-os/targets/TARGET_STM/TARGET_STM32L4/TARGET_STM32L475xG/TARGET_DISCO_L475VG_IOT01A/PeripheralPins.o
    0x0803229c   0x0000006c   Data   RO        25398    .rodata.PinMap_SPI_MOSI  BUILD/DISCO_L475VG_IOT01A/ARMC6/mbed-os/targets/TARGET_STM/TARGET_STM32L4/TARGET_STM32L475xG/TARGET_DISCO_L475VG_IOT01A/PeripheralPins.o
    0x08032308   0x0000006c   Data   RO        25400    .rodata.PinMap_SPI_SCLK  BUILD/DISCO_L475VG_IOT01A/ARMC6/mbed-os/targets/TARGET_STM/TARGET_STM32L4/TARGET_STM32L475xG/TARGET_DISCO_L475VG_IOT01A/PeripheralPins.o
    0x08032374   0x0000006c   Data   RO        25401    .rodata.PinMap_SPI_SSEL  BUILD/DISCO_L475VG_IOT01A/ARMC6/mbed-os/targets/TARGET_STM/TARGET_STM32L4/TARGET_STM32L475xG/TARGET_DISCO_L475VG_IOT01A/PeripheralPins.o
    0x080323e0   0x000000a8   Data   RO        25395    .rodata.PinMap_UART_RX  BUILD/DISCO_L475VG_IOT01A/ARMC6/mbed-os/targets/TARGET_STM/TARGET_STM32L4/TARGET_STM32L475xG/TARGET_DISCO_L475VG_IOT01A/PeripheralPins.o
    0x08032488   0x000000a8   Data   RO        25394    .rodata.PinMap_UART_TX  BUILD/DISCO_L475VG_IOT01A/ARMC6/mbed-os/targets/TARGET_STM/TARGET_STM32L4/TARGET_STM32L475xG/TARGET_DISCO_L475VG_IOT01A/PeripheralPins.o
    0x08032530   0x00000028   Data   RO         8577    .rodata.RCON        BUILD/DISCO_L475VG_IOT01A/ARMC6/mbed-os/features/mbedtls/mbed-crypto/src/aes.o
    0x08032558   0x00000100   Data   RO         8587    .rodata.RSb         BUILD/DISCO_L475VG_IOT01A/ARMC6/mbed-os/features/mbedtls/mbed-crypto/src/aes.o
    0x08032658   0x00000400   Data   RO         8579    .rodata.RT0         BUILD/DISCO_L475VG_IOT01A/ARMC6/mbed-os/features/mbedtls/mbed-crypto/src/aes.o
    0x08032a58   0x00000400   Data   RO         8580    .rodata.RT1         BUILD/DISCO_L475VG_IOT01A/ARMC6/mbed-os/features/mbedtls/mbed-crypto/src/aes.o
    0x08032e58   0x00000400   Data   RO         8581    .rodata.RT2         BUILD/DISCO_L475VG_IOT01A/ARMC6/mbed-os/features/mbedtls/mbed-crypto/src/aes.o
    0x08033258   0x00000400   Data   RO         8582    .rodata.RT3         BUILD/DISCO_L475VG_IOT01A/ARMC6/mbed-os/features/mbedtls/mbed-crypto/src/aes.o
    0x08033658   0x00000002   Data   RO           21    .rodata._ZL13MQTT_PASSWORD  BUILD/DISCO_L475VG_IOT01A/ARMC6/main.o
    0x0803365a   0x00000002   Data   RO           20    .rodata._ZL13MQTT_USERNAME  BUILD/DISCO_L475VG_IOT01A/ARMC6/main.o
    0x0803365c   0x00000002   Data   RO           19    .rodata._ZL14MQTT_CLIENT_ID  BUILD/DISCO_L475VG_IOT01A/ARMC6/main.o
    0x0803365e   0x00000006   Data   RO           22    .rodata._ZL14MQTT_TOPIC_SUB  BUILD/DISCO_L475VG_IOT01A/ARMC6/main.o
    0x08033664   0x00000032   Data   RO           17    .rodata._ZL21MQTT_SERVER_HOST_NAME  BUILD/DISCO_L475VG_IOT01A/ARMC6/main.o
    0x08033696   0x00000001   Data   RO        30409    .rodata._ZSt7nothrow  c:\ProgramData\Mbed Studio\mbed-studio-tools\ac6\bin\..\lib\libcxx\libcpp_w.l(new.cpp.o)
    0x08033697   0x00000001   PAD
    0x08033698   0x000000fc   Data   RO        29579    .rodata._ZTC17ISM43362Interface4_13WiFiInterface  BUILD/DISCO_L475VG_IOT01A/ARMC6/wifi-ism43362/ISM43362Interface.o
    0x08033794   0x00000014   Data   RO        29576    .rodata._ZTT17ISM43362Interface  BUILD/DISCO_L475VG_IOT01A/ARMC6/wifi-ism43362/ISM43362Interface.o
    0x080337a8   0x00000064   Data   RO        29945    .rodata._ZTV11BufferedSpi  BUILD/DISCO_L475VG_IOT01A/ARMC6/wifi-ism43362/ISM43362/ATParser/BufferedSpi/BufferedSpi.o
    0x0803380c   0x00000010   Data   RO        20798    .rodata._ZTV11SocketStats  BUILD/DISCO_L475VG_IOT01A/ARMC6/mbed-os/features/netsocket/SocketStats.o
    0x0803381c   0x0000005c   Data   RO        24447    .rodata._ZTV12DirectSerial  BUILD/DISCO_L475VG_IOT01A/ARMC6/mbed-os/platform/source/mbed_retarget.o
    0x08033878   0x00000054   Data   RO        20461    .rodata._ZTV14InternetSocket  BUILD/DISCO_L475VG_IOT01A/ARMC6/mbed-os/features/netsocket/InternetSocket.o
    0x080338cc   0x00000078   Data   RO        20525    .rodata._ZTV16NetworkInterface  BUILD/DISCO_L475VG_IOT01A/ARMC6/mbed-os/features/netsocket/NetworkInterface.o
    0x08033944   0x0000004c   Data   RO        20927    .rodata._ZTV16TLSSocketWrapper  BUILD/DISCO_L475VG_IOT01A/ARMC6/mbed-os/features/netsocket/TLSSocketWrapper.o
    0x08033990   0x000001ac   Data   RO        29575    .rodata._ZTV17ISM43362Interface  BUILD/DISCO_L475VG_IOT01A/ARMC6/wifi-ism43362/ISM43362Interface.o
    0x08033b3c   0x00000058   Data   RO        20839    .rodata._ZTV9TCPSocket  BUILD/DISCO_L475VG_IOT01A/ARMC6/mbed-os/features/netsocket/TCPSocket.o
    0x08033b94   0x00000050   Data   RO        20848    .rodata._ZTV9TLSSocket  BUILD/DISCO_L475VG_IOT01A/ARMC6/mbed-os/features/netsocket/TLSSocket.o
    0x08033be4   0x00000058   Data   RO        20963    .rodata._ZTV9UDPSocket  BUILD/DISCO_L475VG_IOT01A/ARMC6/mbed-os/features/netsocket/UDPSocket.o
    0x08033c3c   0x00000014   Data   RO         2138    .rodata._ZTVN4mbed10TimerEventE  BUILD/DISCO_L475VG_IOT01A/ARMC6/mbed-os/drivers/source/TimerEvent.o
    0x08033c50   0x00000010   Data   RO         1655    .rodata._ZTVN4mbed11InterruptInE  BUILD/DISCO_L475VG_IOT01A/ARMC6/mbed-os/drivers/source/InterruptIn.o
    0x08033c60   0x00000020   Data   RO         1929    .rodata._ZTVN4mbed3SPIE  BUILD/DISCO_L475VG_IOT01A/ARMC6/mbed-os/drivers/source/SPI.o
    0x08033c80   0x00000014   Data   RO        23984    .rodata._ZTVN4mbed8internal8SysTimerILj1000ELb1EEE  BUILD/DISCO_L475VG_IOT01A/ARMC6/mbed-os/platform/source/SysTimer.o
    0x08033c94   0x00000010   Data   RO        25385    .rodata._ZTVN4rtos6ThreadE  BUILD/DISCO_L475VG_IOT01A/ARMC6/mbed-os/rtos/source/Thread.o
    0x08033ca4   0x0000000c   Data   RO        20658    .rodata._ZZN4mbed8CallbackIFiiNS0_IFvvEEEEE8generateINS4_14method_contextI12NetworkStackMS7_FiiS2_EEEEEvRKT_E3ops  BUILD/DISCO_L475VG_IOT01A/ARMC6/mbed-os/features/netsocket/NetworkStack.o
    0x08033cb0   0x0000000c   Data   RO        29955    .rodata._ZZN4mbed8CallbackIFvvEE8generateINS2_14method_contextI11BufferedSpiMS5_FvvEEEEEvRKT_E3ops  BUILD/DISCO_L475VG_IOT01A/ARMC6/wifi-ism43362/ISM43362/ATParser/BufferedSpi/BufferedSpi.o
    0x08033cbc   0x0000000c   Data   RO        20473    .rodata._ZZN4mbed8CallbackIFvvEE8generateINS2_14method_contextI14InternetSocketMS5_FvvEEEEEvRKT_E3ops  BUILD/DISCO_L475VG_IOT01A/ARMC6/mbed-os/features/netsocket/InternetSocket.o
    0x08033cc8   0x0000000c   Data   RO        20937    .rodata._ZZN4mbed8CallbackIFvvEE8generateINS2_14method_contextI16TLSSocketWrapperMS5_FvvEEEEEvRKT_E3ops  BUILD/DISCO_L475VG_IOT01A/ARMC6/mbed-os/features/netsocket/TLSSocketWrapper.o
    0x08033cd4   0x0000000c   Data   RO        29609    .rodata._ZZN4mbed8CallbackIFvvEE8generateINS2_14method_contextI17ISM43362InterfaceMS5_FvvEEEEEvRKT_E3ops  BUILD/DISCO_L475VG_IOT01A/ARMC6/wifi-ism43362/ISM43362Interface.o
    0x08033ce0   0x0000000c   Data   RO         2733    .rodata._ZZN4mbed8CallbackIFvvEE8generateINS2_14method_contextIN6events10EventQueueEMS6_FvvEEEEEvRKT_E3ops  BUILD/DISCO_L475VG_IOT01A/ARMC6/mbed-os/drivers/source/usb/USBCDC_ECM.o
    0x08033cec   0x0000000c   Data   RO        21126    .rodata._ZZN4mbed8CallbackIFvvEE8generateINS2_16function_contextIPFvP12NetworkStackES5_EEEEvRKT_E3ops  BUILD/DISCO_L475VG_IOT01A/ARMC6/mbed-os/features/netsocket/nsapi_dns.o
    0x08033cf8   0x0000000c   Data   RO        21125    .rodata._ZZN4mbed8CallbackIFvvEE8generateINS2_16function_contextIPFvPvEvEEEEvRKT_E3ops  BUILD/DISCO_L475VG_IOT01A/ARMC6/mbed-os/features/netsocket/nsapi_dns.o
    0x08033d04   0x0000000c   Data   RO           45    .rodata._ZZN4mbed8CallbackIFvvEE8generateIPS1_EEvRKT_E3ops  BUILD/DISCO_L475VG_IOT01A/ARMC6/main.o
    0x08033d10   0x00000008   Data   RO        24443    .rodata.__stderr_name  BUILD/DISCO_L475VG_IOT01A/ARMC6/mbed-os/platform/source/mbed_retarget.o
    0x08033d18   0x00000007   Data   RO        24441    .rodata.__stdin_name  BUILD/DISCO_L475VG_IOT01A/ARMC6/mbed-os/platform/source/mbed_retarget.o
    0x08033d1f   0x00000008   Data   RO        24442    .rodata.__stdout_name  BUILD/DISCO_L475VG_IOT01A/ARMC6/mbed-os/platform/source/mbed_retarget.o
    0x08033d27   0x00000001   PAD
    0x08033d28   0x0000001c   Data   RO         8956    .rodata.aes_128_cbc_info  BUILD/DISCO_L475VG_IOT01A/ARMC6/mbed-os/features/mbedtls/mbed-crypto/src/cipher_wrap.o
    0x08033d44   0x0000001c   Data   RO         8965    .rodata.aes_128_ccm_info  BUILD/DISCO_L475VG_IOT01A/ARMC6/mbed-os/features/mbedtls/mbed-crypto/src/cipher_wrap.o
    0x08033d60   0x0000001c   Data   RO         8959    .rodata.aes_128_ctr_info  BUILD/DISCO_L475VG_IOT01A/ARMC6/mbed-os/features/mbedtls/mbed-crypto/src/cipher_wrap.o
    0x08033d7c   0x0000001c   Data   RO         8953    .rodata.aes_128_ecb_info  BUILD/DISCO_L475VG_IOT01A/ARMC6/mbed-os/features/mbedtls/mbed-crypto/src/cipher_wrap.o
    0x08033d98   0x0000001c   Data   RO         8962    .rodata.aes_128_gcm_info  BUILD/DISCO_L475VG_IOT01A/ARMC6/mbed-os/features/mbedtls/mbed-crypto/src/cipher_wrap.o
    0x08033db4   0x0000001c   Data   RO         8957    .rodata.aes_192_cbc_info  BUILD/DISCO_L475VG_IOT01A/ARMC6/mbed-os/features/mbedtls/mbed-crypto/src/cipher_wrap.o
    0x08033dd0   0x0000001c   Data   RO         8966    .rodata.aes_192_ccm_info  BUILD/DISCO_L475VG_IOT01A/ARMC6/mbed-os/features/mbedtls/mbed-crypto/src/cipher_wrap.o
    0x08033dec   0x0000001c   Data   RO         8960    .rodata.aes_192_ctr_info  BUILD/DISCO_L475VG_IOT01A/ARMC6/mbed-os/features/mbedtls/mbed-crypto/src/cipher_wrap.o
    0x08033e08   0x0000001c   Data   RO         8954    .rodata.aes_192_ecb_info  BUILD/DISCO_L475VG_IOT01A/ARMC6/mbed-os/features/mbedtls/mbed-crypto/src/cipher_wrap.o
    0x08033e24   0x0000001c   Data   RO         8963    .rodata.aes_192_gcm_info  BUILD/DISCO_L475VG_IOT01A/ARMC6/mbed-os/features/mbedtls/mbed-crypto/src/cipher_wrap.o
    0x08033e40   0x0000001c   Data   RO         8958    .rodata.aes_256_cbc_info  BUILD/DISCO_L475VG_IOT01A/ARMC6/mbed-os/features/mbedtls/mbed-crypto/src/cipher_wrap.o
    0x08033e5c   0x0000001c   Data   RO         8967    .rodata.aes_256_ccm_info  BUILD/DISCO_L475VG_IOT01A/ARMC6/mbed-os/features/mbedtls/mbed-crypto/src/cipher_wrap.o
    0x08033e78   0x0000001c   Data   RO         8961    .rodata.aes_256_ctr_info  BUILD/DISCO_L475VG_IOT01A/ARMC6/mbed-os/features/mbedtls/mbed-crypto/src/cipher_wrap.o
    0x08033e94   0x0000001c   Data   RO         8955    .rodata.aes_256_ecb_info  BUILD/DISCO_L475VG_IOT01A/ARMC6/mbed-os/features/mbedtls/mbed-crypto/src/cipher_wrap.o
    0x08033eb0   0x0000001c   Data   RO         8964    .rodata.aes_256_gcm_info  BUILD/DISCO_L475VG_IOT01A/ARMC6/mbed-os/features/mbedtls/mbed-crypto/src/cipher_wrap.o
    0x08033ecc   0x00000024   Data   RO         8973    .rodata.aes_info    BUILD/DISCO_L475VG_IOT01A/ARMC6/mbed-os/features/mbedtls/mbed-crypto/src/cipher_wrap.o
    0x08033ef0   0x00000080   Data   RO         8672    .rodata.base64_dec_map  BUILD/DISCO_L475VG_IOT01A/ARMC6/mbed-os/features/mbedtls/mbed-crypto/src/base64.o
    0x08033f70   0x00000024   Data   RO         8975    .rodata.ccm_aes_info  BUILD/DISCO_L475VG_IOT01A/ARMC6/mbed-os/features/mbedtls/mbed-crypto/src/cipher_wrap.o
    0x08033f94   0x00000024   Data   RO         8976    .rodata.chacha20_base_info  BUILD/DISCO_L475VG_IOT01A/ARMC6/mbed-os/features/mbedtls/mbed-crypto/src/cipher_wrap.o
    0x08033fb8   0x0000001c   Data   RO         8968    .rodata.chacha20_info  BUILD/DISCO_L475VG_IOT01A/ARMC6/mbed-os/features/mbedtls/mbed-crypto/src/cipher_wrap.o
    0x08033fd4   0x00000024   Data   RO         8977    .rodata.chachapoly_base_info  BUILD/DISCO_L475VG_IOT01A/ARMC6/mbed-os/features/mbedtls/mbed-crypto/src/cipher_wrap.o
    0x08033ff8   0x0000001c   Data   RO         8969    .rodata.chachapoly_info  BUILD/DISCO_L475VG_IOT01A/ARMC6/mbed-os/features/mbedtls/mbed-crypto/src/cipher_wrap.o
    0x08034014   0x00000460   Data   RO        10132    .rodata.ciphersuite_definitions  BUILD/DISCO_L475VG_IOT01A/ARMC6/mbed-os/features/mbedtls/src/ssl_ciphersuites.o
    0x08034474   0x00000010   Data   RO        28212    .rodata.cst16       BUILD/DISCO_L475VG_IOT01A/ARMC6/mbed-os/targets/TARGET_STM/TARGET_STM32L4/device/stm32l4xx_hal_uart.o
    0x08034484   0x00000004   Data   RO        10550    .rodata.cst4        BUILD/DISCO_L475VG_IOT01A/ARMC6/mbed-os/features/mbedtls/src/ssl_tls.o
    0x08034488   0x00000024   Data   RO         9229    .rodata.ecp_supported_curves  BUILD/DISCO_L475VG_IOT01A/ARMC6/mbed-os/features/mbedtls/mbed-crypto/src/ecp.o
    0x080344ac   0x00000024   Data   RO         8974    .rodata.gcm_aes_info  BUILD/DISCO_L475VG_IOT01A/ARMC6/mbed-os/features/mbedtls/mbed-crypto/src/cipher_wrap.o
    0x080344d0   0x00000080   Data   RO         9321    .rodata.last4       BUILD/DISCO_L475VG_IOT01A/ARMC6/mbed-os/features/mbedtls/mbed-crypto/src/gcm.o
    0x08034550   0x00000040   Data   RO        29236    .rodata.ll_pin_defines  BUILD/DISCO_L475VG_IOT01A/ARMC6/mbed-os/targets/TARGET_STM/pinmap.o
    0x08034590   0x00000008   Data   RO        23483    .rodata.lp_data     BUILD/DISCO_L475VG_IOT01A/ARMC6/mbed-os/hal/mbed_lp_ticker_api.o
    0x08034598   0x00000024   Data   RO        23485    .rodata.lp_interface  BUILD/DISCO_L475VG_IOT01A/ARMC6/mbed-os/hal/mbed_lp_ticker_api.o
    0x080345bc   0x00000008   Data   RO        29210    .rodata.lp_ticker_get_info.info  BUILD/DISCO_L475VG_IOT01A/ARMC6/mbed-os/targets/TARGET_STM/lp_ticker.o
    0x080345c4   0x00000004   Data   RO        23996    .rodata.mbed_fault_context  BUILD/DISCO_L475VG_IOT01A/ARMC6/mbed-os/platform/source/TARGET_CORTEX_M/mbed_fault_handler.o
    0x080345c8   0x00000090   Data   RO         8970    .rodata.mbedtls_cipher_definitions  BUILD/DISCO_L475VG_IOT01A/ARMC6/mbed-os/features/mbedtls/mbed-crypto/src/cipher_wrap.o
    0x08034658   0x00000030   Data   RO         9654    .rodata.mbedtls_ecdsa_info  BUILD/DISCO_L475VG_IOT01A/ARMC6/mbed-os/features/mbedtls/mbed-crypto/src/pk_wrap.o
    0x08034688   0x00000030   Data   RO         9652    .rodata.mbedtls_eckey_info  BUILD/DISCO_L475VG_IOT01A/ARMC6/mbed-os/features/mbedtls/mbed-crypto/src/pk_wrap.o
    0x080346b8   0x00000030   Data   RO         9653    .rodata.mbedtls_eckeydh_info  BUILD/DISCO_L475VG_IOT01A/ARMC6/mbed-os/features/mbedtls/mbed-crypto/src/pk_wrap.o
    0x080346e8   0x00000030   Data   RO         9651    .rodata.mbedtls_rsa_info  BUILD/DISCO_L475VG_IOT01A/ARMC6/mbed-os/features/mbedtls/mbed-crypto/src/pk_wrap.o
    0x08034718   0x00000030   Data   RO         9478    .rodata.mbedtls_sha1_info  BUILD/DISCO_L475VG_IOT01A/ARMC6/mbed-os/features/mbedtls/mbed-crypto/src/md_wrap.o
    0x08034748   0x00000030   Data   RO         9479    .rodata.mbedtls_sha224_info  BUILD/DISCO_L475VG_IOT01A/ARMC6/mbed-os/features/mbedtls/mbed-crypto/src/md_wrap.o
    0x08034778   0x00000030   Data   RO         9480    .rodata.mbedtls_sha256_info  BUILD/DISCO_L475VG_IOT01A/ARMC6/mbed-os/features/mbedtls/mbed-crypto/src/md_wrap.o
    0x080347a8   0x00000030   Data   RO         9481    .rodata.mbedtls_sha384_info  BUILD/DISCO_L475VG_IOT01A/ARMC6/mbed-os/features/mbedtls/mbed-crypto/src/md_wrap.o
    0x080347d8   0x00000030   Data   RO         9482    .rodata.mbedtls_sha512_info  BUILD/DISCO_L475VG_IOT01A/ARMC6/mbed-os/features/mbedtls/mbed-crypto/src/md_wrap.o
    0x08034808   0x00000010   Data   RO        10665    .rodata.mbedtls_x509_crt_profile_default  BUILD/DISCO_L475VG_IOT01A/ARMC6/mbed-os/features/mbedtls/src/x509_crt.o
    0x08034818   0x00000010   Data   RO        10667    .rodata.mbedtls_x509_crt_profile_suiteb  BUILD/DISCO_L475VG_IOT01A/ARMC6/mbed-os/features/mbedtls/src/x509_crt.o
    0x08034828   0x00000004   Data   RO         9703    .rodata.memset_func  BUILD/DISCO_L475VG_IOT01A/ARMC6/mbed-os/features/mbedtls/mbed-crypto/src/platform_util.o
    0x0803482c   0x00000020   Data   RO         9529    .rodata.oid_certificate_policies  BUILD/DISCO_L475VG_IOT01A/ARMC6/mbed-os/features/mbedtls/mbed-crypto/src/oid.o
    0x0803484c   0x0000003c   Data   RO         9523    .rodata.oid_ecp_grp  BUILD/DISCO_L475VG_IOT01A/ARMC6/mbed-os/features/mbedtls/mbed-crypto/src/oid.o
    0x08034888   0x00000080   Data   RO         9528    .rodata.oid_ext_key_usage  BUILD/DISCO_L475VG_IOT01A/ARMC6/mbed-os/features/mbedtls/mbed-crypto/src/oid.o
    0x08034908   0x00000078   Data   RO         9524    .rodata.oid_md_alg  BUILD/DISCO_L475VG_IOT01A/ARMC6/mbed-os/features/mbedtls/mbed-crypto/src/oid.o
    0x08034980   0x00000050   Data   RO         9522    .rodata.oid_pk_alg  BUILD/DISCO_L475VG_IOT01A/ARMC6/mbed-os/features/mbedtls/mbed-crypto/src/oid.o
    0x080349d0   0x00000104   Data   RO         9521    .rodata.oid_sig_alg  BUILD/DISCO_L475VG_IOT01A/ARMC6/mbed-os/features/mbedtls/mbed-crypto/src/oid.o
    0x08034ad4   0x0000008c   Data   RO         9527    .rodata.oid_x509_ext  BUILD/DISCO_L475VG_IOT01A/ARMC6/mbed-os/features/mbedtls/mbed-crypto/src/oid.o
    0x08034b60   0x00000190   Data   RO         9525    .rodata.oid_x520_attr_type  BUILD/DISCO_L475VG_IOT01A/ARMC6/mbed-os/features/mbedtls/mbed-crypto/src/oid.o
    0x08034cf0   0x00000004   Data   RO        24935    .rodata.osRtxUserSVC  BUILD/DISCO_L475VG_IOT01A/ARMC6/mbed-os/rtos/source/TARGET_CORTEX/rtx5/RTX/Source/rtx_lib.o
    0x08034cf4   0x00000024   Data   RO        24930    .rodata.os_idle_thread_attr  BUILD/DISCO_L475VG_IOT01A/ARMC6/mbed-os/rtos/source/TARGET_CORTEX/rtx5/RTX/Source/rtx_lib.o
    0x08034d18   0x00000018   Data   RO        24932    .rodata.os_timer_mq_attr  BUILD/DISCO_L475VG_IOT01A/ARMC6/mbed-os/rtos/source/TARGET_CORTEX/rtx5/RTX/Source/rtx_lib.o
    0x08034d30   0x00000024   Data   RO        24931    .rodata.os_timer_thread_attr  BUILD/DISCO_L475VG_IOT01A/ARMC6/mbed-os/rtos/source/TARGET_CORTEX/rtx5/RTX/Source/rtx_lib.o
    0x08034d54   0x000000c0   Data   RO        28855    .rodata.pin_lines_desc  BUILD/DISCO_L475VG_IOT01A/ARMC6/mbed-os/targets/TARGET_STM/TARGET_STM32L4/gpio_irq_device.o
    0x08034e14   0x00000060   Data   RO        24218    .rodata.seconds_before_month  BUILD/DISCO_L475VG_IOT01A/ARMC6/mbed-os/platform/source/mbed_mktime.o
    0x08034e74   0x00000020   Data   RO         9254    .rodata.secp256r1_b  BUILD/DISCO_L475VG_IOT01A/ARMC6/mbed-os/features/mbedtls/mbed-crypto/src/ecp_curves.o
    0x08034e94   0x00000020   Data   RO         9255    .rodata.secp256r1_gx  BUILD/DISCO_L475VG_IOT01A/ARMC6/mbed-os/features/mbedtls/mbed-crypto/src/ecp_curves.o
    0x08034eb4   0x00000020   Data   RO         9256    .rodata.secp256r1_gy  BUILD/DISCO_L475VG_IOT01A/ARMC6/mbed-os/features/mbedtls/mbed-crypto/src/ecp_curves.o
    0x08034ed4   0x00000020   Data   RO         9257    .rodata.secp256r1_n  BUILD/DISCO_L475VG_IOT01A/ARMC6/mbed-os/features/mbedtls/mbed-crypto/src/ecp_curves.o
    0x08034ef4   0x00000020   Data   RO         9253    .rodata.secp256r1_p  BUILD/DISCO_L475VG_IOT01A/ARMC6/mbed-os/features/mbedtls/mbed-crypto/src/ecp_curves.o
    0x08034f14   0x00000030   Data   RO         9259    .rodata.secp384r1_b  BUILD/DISCO_L475VG_IOT01A/ARMC6/mbed-os/features/mbedtls/mbed-crypto/src/ecp_curves.o
    0x08034f44   0x00000030   Data   RO         9260    .rodata.secp384r1_gx  BUILD/DISCO_L475VG_IOT01A/ARMC6/mbed-os/features/mbedtls/mbed-crypto/src/ecp_curves.o
    0x08034f74   0x00000030   Data   RO         9261    .rodata.secp384r1_gy  BUILD/DISCO_L475VG_IOT01A/ARMC6/mbed-os/features/mbedtls/mbed-crypto/src/ecp_curves.o
    0x08034fa4   0x00000030   Data   RO         9262    .rodata.secp384r1_n  BUILD/DISCO_L475VG_IOT01A/ARMC6/mbed-os/features/mbedtls/mbed-crypto/src/ecp_curves.o
    0x08034fd4   0x00000030   Data   RO         9258    .rodata.secp384r1_p  BUILD/DISCO_L475VG_IOT01A/ARMC6/mbed-os/features/mbedtls/mbed-crypto/src/ecp_curves.o
    0x08035004   0x000019cf   Data   RO           13    .rodata.str1.1      BUILD/DISCO_L475VG_IOT01A/ARMC6/main.o
    0x080369d3   0x000000b7   Data   RO         8972    .rodata.str1.1      BUILD/DISCO_L475VG_IOT01A/ARMC6/mbed-os/features/mbedtls/mbed-crypto/src/cipher_wrap.o
    0x08036a8a   0x00000014   Data   RO         9230    .rodata.str1.1      BUILD/DISCO_L475VG_IOT01A/ARMC6/mbed-os/features/mbedtls/mbed-crypto/src/ecp.o
    0x08036a9e   0x000007ef   Data   RO         9526    .rodata.str1.1      BUILD/DISCO_L475VG_IOT01A/ARMC6/mbed-os/features/mbedtls/mbed-crypto/src/oid.o
    0x0803728d   0x0000000b   Data   RO         9585    .rodata.str1.1      BUILD/DISCO_L475VG_IOT01A/ARMC6/mbed-os/features/mbedtls/mbed-crypto/src/pk.o
    0x08037298   0x0000000f   Data   RO         9650    .rodata.str1.1      BUILD/DISCO_L475VG_IOT01A/ARMC6/mbed-os/features/mbedtls/mbed-crypto/src/pk_wrap.o
    0x080372a7   0x00000036   Data   RO         9680    .rodata.str1.1      BUILD/DISCO_L475VG_IOT01A/ARMC6/mbed-os/features/mbedtls/mbed-crypto/src/pkparse.o
    0x080372dd   0x00000006   Data   RO        10087    .rodata.str1.1      BUILD/DISCO_L475VG_IOT01A/ARMC6/mbed-os/features/mbedtls/src/debug.o
    0x080372e3   0x000004b0   Data   RO        10133    .rodata.str1.1      BUILD/DISCO_L475VG_IOT01A/ARMC6/mbed-os/features/mbedtls/src/ssl_ciphersuites.o
    0x08037793   0x00001009   Data   RO        10146    .rodata.str1.1      BUILD/DISCO_L475VG_IOT01A/ARMC6/mbed-os/features/mbedtls/src/ssl_cli.o
    0x0803879c   0x00000ee8   Data   RO        10177    .rodata.str1.1      BUILD/DISCO_L475VG_IOT01A/ARMC6/mbed-os/features/mbedtls/src/ssl_srv.o
    0x08039684   0x000015b1   Data   RO        10548    .rodata.str1.1      BUILD/DISCO_L475VG_IOT01A/ARMC6/mbed-os/features/mbedtls/src/ssl_tls.o
    0x0803ac35   0x00000328   Data   RO        10668    .rodata.str1.1      BUILD/DISCO_L475VG_IOT01A/ARMC6/mbed-os/features/mbedtls/src/x509_crt.o
    0x0803af5d   0x00000013   Data   RO        20562    .rodata.str1.1      BUILD/DISCO_L475VG_IOT01A/ARMC6/mbed-os/features/netsocket/NetworkInterfaceDefaults.o
    0x0803af70   0x000000c8   Data   RO        23997    .rodata.str1.1      BUILD/DISCO_L475VG_IOT01A/ARMC6/mbed-os/platform/source/TARGET_CORTEX_M/mbed_fault_handler.o
    0x0803b038   0x00000013   Data   RO        24936    .rodata.str1.1      BUILD/DISCO_L475VG_IOT01A/ARMC6/mbed-os/rtos/source/TARGET_CORTEX/rtx5/RTX/Source/rtx_lib.o
    0x0803b04b   0x0000001f   Data   RO        29432    .rodata.str1.1      BUILD/DISCO_L475VG_IOT01A/ARMC6/mbed-os/targets/TARGET_STM/trng_api.o
    0x0803b06a   0x00000041   Data   RO        29574    .rodata.str1.1      BUILD/DISCO_L475VG_IOT01A/ARMC6/wifi-ism43362/ISM43362Interface.o
    0x0803b0ab   0x0000001f   Data   RO        30011    .rodata.str1.1      BUILD/DISCO_L475VG_IOT01A/ARMC6/wifi-ism43362/ISM43362/ISM43362.o
    0x0803b0ca   0x00000002   PAD
    0x0803b0cc   0x0000000b   Data   RO        24923    .rodata.str1.4      BUILD/DISCO_L475VG_IOT01A/ARMC6/mbed-os/rtos/source/TARGET_CORTEX/rtx5/RTX/Source/rtx_kernel.o
    0x0803b0d7   0x00000001   PAD
    0x0803b0d8   0x00000340   Data   RO        10130    .rodata.str4.4      BUILD/DISCO_L475VG_IOT01A/ARMC6/mbed-os/features/mbedtls/src/ssl_ciphersuites.o
    0x0803b418   0x00000008   Data   RO        23565    .rodata.us_data     BUILD/DISCO_L475VG_IOT01A/ARMC6/mbed-os/hal/mbed_us_ticker_api.o
    0x0803b420   0x00000024   Data   RO        23567    .rodata.us_interface  BUILD/DISCO_L475VG_IOT01A/ARMC6/mbed-os/hal/mbed_us_ticker_api.o
    0x0803b444   0x00000008   Data   RO        29459    .rodata.us_ticker_get_info.info  BUILD/DISCO_L475VG_IOT01A/ARMC6/mbed-os/targets/TARGET_STM/us_ticker.o
    0x0803b44c   0x00000040   Data   RO        30940    Region$$Table       anon$$obj.o
    0x0803b48c   0x00000008   Data   RO        30843    c$$dinf             c:\ProgramData\Mbed Studio\mbed-studio-tools\ac6\bin\..\lib\armlib\fz_wm.l(fpconst.o)
    0x0803b494   0x00000008   Data   RO        30846    c$$dmax             c:\ProgramData\Mbed Studio\mbed-studio-tools\ac6\bin\..\lib\armlib\fz_wm.l(fpconst.o)
    0x0803b49c   0x00000110   Data   RO        30553    locale$$data        c:\ProgramData\Mbed Studio\mbed-studio-tools\ac6\bin\..\lib\armlib\c_w.l(lc_ctype_c.o)
    0x0803b5ac   0x0000001c   Data   RO        30755    locale$$data        c:\ProgramData\Mbed Studio\mbed-studio-tools\ac6\bin\..\lib\armlib\c_w.l(lc_numeric_c.o)
    0x0803b5c8   0x00000180   Data   RO        30824    locale$$data        c:\ProgramData\Mbed Studio\mbed-studio-tools\ac6\bin\..\lib\armlib\c_w.l(lc_time_c.o)
    0x0803b748   0x00000004   Data   RO           23    .init_array         BUILD/DISCO_L475VG_IOT01A/ARMC6/main.o
    0x0803b74c   0x00000004   Data   RO         1009    .init_array         BUILD/DISCO_L475VG_IOT01A/ARMC6/mbed-os/components/storage/blockdevice/COMPONENT_QSPIF/QSPIFBlockDevice.o
    0x0803b750   0x00000000   Data   RO        30321    .init_array         c:\ProgramData\Mbed Studio\mbed-studio-tools\ac6\bin\..\lib\armlib\c_w.l(init_aeabi.o)


    Execution Region RW_m_crash_data (Base: 0x10000188, Size: 0x00000100, Max: 0x00000100, ABSOLUTE)

    Base Addr    Size         Type   Attr      Idx    E Section Name        Object

    0x10000188   0x00000100   Zero   RW            1    RW_m_crash_data.bss  anon$$obj.o


    Execution Region RW_IRAM2 (Base: 0x10000288, Size: 0x00002d3c, Max: 0x00007d78, ABSOLUTE)

    Base Addr    Size         Type   Attr      Idx    E Section Name        Object

    0x10000288   0x00000004   Data   RW        30239    .data               c:\ProgramData\Mbed Studio\mbed-studio-tools\ac6\bin\..\lib\armlib\c_w.l(stdio_streams.o)
    0x1000028c   0x00000004   Data   RW        30241    .data               c:\ProgramData\Mbed Studio\mbed-studio-tools\ac6\bin\..\lib\armlib\c_w.l(stdio_streams.o)
    0x10000290   0x00000004   Data   RW        30542    .data               c:\ProgramData\Mbed Studio\mbed-studio-tools\ac6\bin\..\lib\armlib\c_w.l(streamlock.o)
    0x10000294   0x00000034   Data   RW        10552    .data..L_MergedGlobals  BUILD/DISCO_L475VG_IOT01A/ARMC6/mbed-os/features/mbedtls/src/ssl_tls.o
    0x100002c8   0x00000010   Data   RW        24488    .data..L_MergedGlobals  BUILD/DISCO_L475VG_IOT01A/ARMC6/mbed-os/platform/source/mbed_rtc_time.o
    0x100002d8   0x00000008   Data   RW        25508    .data..L_MergedGlobals  BUILD/DISCO_L475VG_IOT01A/ARMC6/mbed-os/targets/TARGET_STM/TARGET_STM32L4/device/stm32l4xx_hal.o
    0x100002e0   0x00000004   Data   RW        28827    .data.SystemCoreClock  BUILD/DISCO_L475VG_IOT01A/ARMC6/mbed-os/targets/TARGET_STM/TARGET_STM32L4/device/system_stm32l4xx.o
    0x100002e4   0x00000055   Data   RW        21097    .data._ZL11dns_servers  BUILD/DISCO_L475VG_IOT01A/ARMC6/mbed-os/features/netsocket/nsapi_dns.o
    0x10000339   0x00000003   PAD
    0x1000033c   0x00000040   Data   RW        24453    .data._ZL11filehandles  BUILD/DISCO_L475VG_IOT01A/ARMC6/mbed-os/platform/source/mbed_retarget.o
    0x1000037c   0x00000004   Data   RW        21096    .data._ZL13dns_unique_id  BUILD/DISCO_L475VG_IOT01A/ARMC6/mbed-os/features/netsocket/nsapi_dns.o
    0x10000380   0x00000008   Data   RW        20526    .data._ZZL29get_interface_event_list_headvE10event_list  BUILD/DISCO_L475VG_IOT01A/ARMC6/mbed-os/features/netsocket/NetworkInterface.o
    0x10000388   0x00000004   Data   RW         9263    .data.ecp_mpi_set1.one  BUILD/DISCO_L475VG_IOT01A/ARMC6/mbed-os/features/mbedtls/mbed-crypto/src/ecp_curves.o
    0x1000038c   0x00000004   Data   RW        23566    .data.irq_handler   BUILD/DISCO_L475VG_IOT01A/ARMC6/mbed-os/hal/mbed_us_ticker_api.o
    0x10000390   0x00000054   Zero   RW        30236    .bss                c:\ProgramData\Mbed Studio\mbed-studio-tools\ac6\bin\..\lib\armlib\c_w.l(stdio_streams.o)
    0x100003e4   0x00000054   Zero   RW        30238    .bss                c:\ProgramData\Mbed Studio\mbed-studio-tools\ac6\bin\..\lib\armlib\c_w.l(stdio_streams.o)
    0x10000438   0x00000010   Zero   RW         9232    .bss..L_MergedGlobals  BUILD/DISCO_L475VG_IOT01A/ARMC6/mbed-os/features/mbedtls/mbed-crypto/src/ecp.o
    0x10000448   0x00000074   Zero   RW        21099    .bss..L_MergedGlobals  BUILD/DISCO_L475VG_IOT01A/ARMC6/mbed-os/features/netsocket/nsapi_dns.o
    0x100004bc   0x00000024   Zero   RW        23636    .bss..L_MergedGlobals  BUILD/DISCO_L475VG_IOT01A/ARMC6/mbed-os/platform/source/CThunkBase.o
    0x100004e0   0x00000030   Zero   RW        23727    .bss..L_MergedGlobals  BUILD/DISCO_L475VG_IOT01A/ARMC6/mbed-os/platform/source/FileBase.o
    0x10000510   0x0000004c   Zero   RW        24181    .bss..L_MergedGlobals  BUILD/DISCO_L475VG_IOT01A/ARMC6/mbed-os/platform/source/mbed_error.o
    0x1000055c   0x00000008   Zero   RW        24454    .bss..L_MergedGlobals  BUILD/DISCO_L475VG_IOT01A/ARMC6/mbed-os/platform/source/mbed_retarget.o
    0x10000564   0x00000048   Zero   RW        29211    .bss..L_MergedGlobals  BUILD/DISCO_L475VG_IOT01A/ARMC6/mbed-os/targets/TARGET_STM/lp_ticker.o
    0x100005ac   0x00000028   Zero   RW        29328    .bss..L_MergedGlobals  BUILD/DISCO_L475VG_IOT01A/ARMC6/mbed-os/targets/TARGET_STM/rtc_api.o
    0x100005d4   0x00000004   Zero   RW          492    .bss._ZGVZN4MQTT6ClientI17MQTTNetworkMbedOs9CountdownLi200ELi5EE9keepaliveEvE9ping_sent  BUILD/DISCO_L475VG_IOT01A/ARMC6/mbed-mqtt/src/MQTTClientMbedOs.o
    0x100005d8   0x00000004   Zero   RW         3458    .bss._ZGVZN4mbed33do_shared_event_queue_with_threadIL12osPriority_t24ELj768ELj2048EEEPN6events10EventQueueEPKcE5queue  BUILD/DISCO_L475VG_IOT01A/ARMC6/mbed-os/events/source/mbed_shared_queues.o
    0x100005dc   0x00000028   Zero   RW        24446    .bss._ZL16filehandle_mutex  BUILD/DISCO_L475VG_IOT01A/ARMC6/mbed-os/platform/source/mbed_retarget.o
    0x10000604   0x00000340   Zero   RW        29577    .bss._ZZN13WiFiInterface20get_default_instanceEvE3ism  BUILD/DISCO_L475VG_IOT01A/ARMC6/wifi-ism43362/ISM43362Interface.o
    0x10000944   0x00000004   PAD
    0x10000948   0x00000800   Zero   RW         3459    .bss._ZZN4mbed33do_shared_event_queue_with_threadIL12osPriority_t24ELj768ELj2048EEEPN6events10EventQueueEPKcE5stack  BUILD/DISCO_L475VG_IOT01A/ARMC6/mbed-os/events/source/mbed_shared_queues.o
    0x10001148   0x000000c0   Zero   RW         3460    .bss._ZZN4mbed33do_shared_event_queue_with_threadIL12osPriority_t24ELj768ELj2048EEEPN6events10EventQueueEPKcE6thread  BUILD/DISCO_L475VG_IOT01A/ARMC6/mbed-os/events/source/mbed_shared_queues.o
    0x10001208   0x00001000   Zero   RW        24697    .bss._main_stack    BUILD/DISCO_L475VG_IOT01A/ARMC6/mbed-os/rtos/source/TARGET_CORTEX/mbed_rtos_rtx.o
    0x10002208   0x000000e0   Zero   RW        24675    .bss._static_mutexes_mem  BUILD/DISCO_L475VG_IOT01A/ARMC6/mbed-os/rtos/source/TARGET_CORTEX/TOOLCHAIN_ARM_STD/mbed_boot_arm_std.o
    0x100022e8   0x00000004   Zero   RW          299    .bss.bufptr         BUILD/DISCO_L475VG_IOT01A/ARMC6/mbed-mqtt/paho_mqtt_embedded_c/MQTTPacket/src/MQTTPacket.o
    0x100022ec   0x00000002   Zero   RW        24272    .bss.deep_sleep_lock  BUILD/DISCO_L475VG_IOT01A/ARMC6/mbed-os/platform/source/mbed_power_mgmt.o
    0x100022ee   0x00000002   PAD
    0x100022f0   0x0000005c   Zero   RW           15    .bss.eventQueue     BUILD/DISCO_L475VG_IOT01A/ARMC6/main.o
    0x1000234c   0x00000004   PAD
    0x10002350   0x00000040   Zero   RW        23486    .bss.events         BUILD/DISCO_L475VG_IOT01A/ARMC6/mbed-os/hal/mbed_lp_ticker_api.o
    0x10002390   0x00000001   Zero   RW        24180    .bss.halt_in_progress  BUILD/DISCO_L475VG_IOT01A/ARMC6/mbed-os/platform/source/mbed_error.o
    0x10002391   0x00000001   Zero   RW        24178    .bss.is_reboot_error_valid  BUILD/DISCO_L475VG_IOT01A/ARMC6/mbed-os/platform/source/mbed_error.o
    0x10002392   0x00000002   PAD
    0x10002394   0x00000040   Zero   RW        24179    .bss.last_error_ctx  BUILD/DISCO_L475VG_IOT01A/ARMC6/mbed-os/platform/source/mbed_error.o
    0x100023d4   0x00000004   Zero   RW        24444    .bss.mbed_heap_start  BUILD/DISCO_L475VG_IOT01A/ARMC6/mbed-os/platform/source/mbed_retarget.o
    0x100023d8   0x00000004   Zero   RW        29227    .bss.mbed_sdk_inited  BUILD/DISCO_L475VG_IOT01A/ARMC6/mbed-os/targets/TARGET_STM/mbed_overrides.o
    0x100023dc   0x00000004   Zero   RW        24689    .bss.mbed_stack_isr_start  BUILD/DISCO_L475VG_IOT01A/ARMC6/mbed-os/rtos/source/TARGET_CORTEX/mbed_boot.o
    0x100023e0   0x00000028   Zero   RW         9916    .bss.mbedtls_mutex  BUILD/DISCO_L475VG_IOT01A/ARMC6/mbed-os/features/mbedtls/platform/src/mbed_trng.o
    0x10002408   0x000001f0   Zero   RW        24673    .bss.os.libspace    BUILD/DISCO_L475VG_IOT01A/ARMC6/mbed-os/rtos/source/TARGET_CORTEX/TOOLCHAIN_ARM_STD/mbed_boot_arm_std.o
    0x100025f8   0x00000034   Zero   RW        24939    .bss.os.msgqueue.cb  BUILD/DISCO_L475VG_IOT01A/ARMC6/mbed-os/rtos/source/TARGET_CORTEX/rtx5/RTX/Source/rtx_lib.o
    0x1000262c   0x00000004   PAD
    0x10002630   0x00000600   Zero   RW        24938    .bss.os.thread.stack  BUILD/DISCO_L475VG_IOT01A/ARMC6/mbed-os/rtos/source/TARGET_CORTEX/rtx5/RTX/Source/rtx_lib.o
    0x10002c30   0x0000008c   Zero   RW        10131    .bss.supported_ciphersuites  BUILD/DISCO_L475VG_IOT01A/ARMC6/mbed-os/features/mbedtls/src/ssl_ciphersuites.o
    0x10002cbc   0x00000004   Zero   RW        24712    .bss.terminate_hook  BUILD/DISCO_L475VG_IOT01A/ARMC6/mbed-os/rtos/source/TARGET_CORTEX/mbed_rtx_handlers.o
    0x10002cc0   0x00000300   Zero   RW        28887    .bss.uart_handlers  BUILD/DISCO_L475VG_IOT01A/ARMC6/mbed-os/targets/TARGET_STM/TARGET_STM32L4/serial_device.o
    0x10002fc0   0x00000001   Zero   RW        29431    .bss.users          BUILD/DISCO_L475VG_IOT01A/ARMC6/mbed-os/targets/TARGET_STM/trng_api.o


    Execution Region RW_IRAM1 (Base: 0x20000000, Size: 0x00001060, Max: 0x00006000, ABSOLUTE)

    Base Addr    Size         Type   Attr      Idx    E Section Name        Object

    0x20000000   0x00000004   Data   RW        30240    .data               c:\ProgramData\Mbed Studio\mbed-studio-tools\ac6\bin\..\lib\armlib\c_w.l(stdio_streams.o)
    0x20000004   0x00000004   Data   RW        30262    .data               c:\ProgramData\Mbed Studio\mbed-studio-tools\ac6\bin\..\lib\armlib\c_w.l(strtok.o)
    0x20000008   0x0000000c   Data   RW           25    .data..L_MergedGlobals  BUILD/DISCO_L475VG_IOT01A/ARMC6/main.o
    0x20000014   0x00000002   Data   RW        21098    .data._ZL14dns_message_id  BUILD/DISCO_L475VG_IOT01A/ARMC6/mbed-os/features/netsocket/nsapi_dns.o
    0x20000016   0x00000002   PAD
    0x20000018   0x00000004   Data   RW        24741    .data._ZL14idle_hook_fptr  BUILD/DISCO_L475VG_IOT01A/ARMC6/mbed-os/rtos/source/TARGET_CORTEX/mbed_rtx_idle.o
    0x2000001c   0x00000004   Data   RW        23484    .data.irq_handler   BUILD/DISCO_L475VG_IOT01A/ARMC6/mbed-os/hal/mbed_lp_ticker_api.o
    0x20000020   0x000000a4   Data   RW        24924    .data.os            BUILD/DISCO_L475VG_IOT01A/ARMC6/mbed-os/rtos/source/TARGET_CORTEX/rtx5/RTX/Source/rtx_kernel.o
    0x200000c4   0x00000054   Zero   RW        30237    .bss                c:\ProgramData\Mbed Studio\mbed-studio-tools\ac6\bin\..\lib\armlib\c_w.l(stdio_streams.o)
    0x20000118   0x0000002c   Zero   RW        30311    .bss                c:\ProgramData\Mbed Studio\mbed-studio-tools\ac6\bin\..\lib\armlib\c_w.l(localtime.o)
    0x20000144   0x00000060   Zero   RW        30436    .bss                c:\ProgramData\Mbed Studio\mbed-studio-tools\ac6\bin\..\lib\armlib\c_w.l(libspace.o)
    0x200001a4   0x00000044   Zero   RW        30561    .bss                c:\ProgramData\Mbed Studio\mbed-studio-tools\ac6\bin\..\lib\armlib\c_w.l(asctime.o)
    0x200001e8   0x00000030   Zero   RW         1010    .bss..L_MergedGlobals  BUILD/DISCO_L475VG_IOT01A/ARMC6/mbed-os/components/storage/blockdevice/COMPONENT_QSPIF/QSPIFBlockDevice.o
    0x20000218   0x00000008   Zero   RW        20604    .bss..L_MergedGlobals  BUILD/DISCO_L475VG_IOT01A/ARMC6/mbed-os/features/netsocket/NetworkStack.o
    0x20000220   0x00000002   Zero   RW        23446    .bss..L_MergedGlobals  BUILD/DISCO_L475VG_IOT01A/ARMC6/mbed-os/hal/mbed_critical_section_api.o
    0x20000222   0x00000006   PAD
    0x20000228   0x00000040   Zero   RW        24239    .bss..L_MergedGlobals  BUILD/DISCO_L475VG_IOT01A/ARMC6/mbed-os/platform/source/mbed_os_timer.o
    0x20000268   0x00000008   Zero   RW        24594    .bss..L_MergedGlobals  BUILD/DISCO_L475VG_IOT01A/ARMC6/mbed-os/rtos/source/Kernel.o
    0x20000270   0x00000054   Zero   RW        24699    .bss..L_MergedGlobals  BUILD/DISCO_L475VG_IOT01A/ARMC6/mbed-os/rtos/source/TARGET_CORTEX/mbed_rtos_rtx.o
    0x200002c4   0x00000008   Zero   RW        29051    .bss..L_MergedGlobals  BUILD/DISCO_L475VG_IOT01A/ARMC6/mbed-os/targets/TARGET_STM/can_api.o
    0x200002cc   0x00000028   Zero   RW        29361    .bss..L_MergedGlobals  BUILD/DISCO_L475VG_IOT01A/ARMC6/mbed-os/targets/TARGET_STM/serial_api.o
    0x200002f4   0x0000004c   Zero   RW        29460    .bss..L_MergedGlobals  BUILD/DISCO_L475VG_IOT01A/ARMC6/mbed-os/targets/TARGET_STM/us_ticker.o
    0x20000340   0x00000008   Zero   RW           26    .bss..L_MergedGlobals.50  BUILD/DISCO_L475VG_IOT01A/ARMC6/main.o
    0x20000348   0x00000004   Zero   RW        29578    .bss._ZGVZN13WiFiInterface20get_default_instanceEvE3ism  BUILD/DISCO_L475VG_IOT01A/ARMC6/wifi-ism43362/ISM43362Interface.o
    0x2000034c   0x00000004   Zero   RW         3461    .bss._ZGVZN4mbed33do_shared_event_queue_with_threadIL12osPriority_t24ELj768ELj2048EEEPN6events10EventQueueEPKcE6thread  BUILD/DISCO_L475VG_IOT01A/ARMC6/mbed-os/events/source/mbed_shared_queues.o
    0x20000350   0x00000014   Zero   RW        21095    .bss._ZL11dns_call_in  BUILD/DISCO_L475VG_IOT01A/ARMC6/mbed-os/features/netsocket/nsapi_dns.o
    0x20000364   0x00000028   Zero   RW        24487    .bss._ZL6_mutex     BUILD/DISCO_L475VG_IOT01A/ARMC6/mbed-os/platform/source/mbed_rtc_time.o
    0x2000038c   0x0000039c   Zero   RW         1927    .bss._ZN4mbed3SPI12_peripheralsE  BUILD/DISCO_L475VG_IOT01A/ARMC6/mbed-os/drivers/source/SPI.o
    0x20000728   0x00000004   Zero   RW         1928    .bss._ZN4mbed3SPI17_peripherals_usedE  BUILD/DISCO_L475VG_IOT01A/ARMC6/mbed-os/drivers/source/SPI.o
    0x2000072c   0x00000004   PAD
    0x20000730   0x00000028   Zero   RW          491    .bss._ZZN4MQTT6ClientI17MQTTNetworkMbedOs9CountdownLi200ELi5EE9keepaliveEvE9ping_sent  BUILD/DISCO_L475VG_IOT01A/ARMC6/mbed-mqtt/src/MQTTClientMbedOs.o
    0x20000758   0x00000300   Zero   RW         3456    .bss._ZZN4mbed33do_shared_event_queue_with_threadIL12osPriority_t24ELj768ELj2048EEEPN6events10EventQueueEPKcE12queue_buffer  BUILD/DISCO_L475VG_IOT01A/ARMC6/mbed-os/events/source/mbed_shared_queues.o
    0x20000a58   0x0000005c   Zero   RW         3457    .bss._ZZN4mbed33do_shared_event_queue_with_threadIL12osPriority_t24ELj768ELj2048EEEPN6events10EventQueueEPKcE5queue  BUILD/DISCO_L475VG_IOT01A/ARMC6/mbed-os/events/source/mbed_shared_queues.o
    0x20000ab4   0x00000020   Zero   RW        24674    .bss._static_mutexes  BUILD/DISCO_L475VG_IOT01A/ARMC6/mbed-os/rtos/source/TARGET_CORTEX/TOOLCHAIN_ARM_STD/mbed_boot_arm_std.o
    0x20000ad4   0x00000214   Zero   RW        29092    .bss.channels       BUILD/DISCO_L475VG_IOT01A/ARMC6/mbed-os/targets/TARGET_STM/gpio_irq_api.o
    0x20000ce8   0x00000004   Zero   RW        24131    .bss.critical_section_reentrancy_counter  BUILD/DISCO_L475VG_IOT01A/ARMC6/mbed-os/platform/source/mbed_critical.o
    0x20000cec   0x00000004   Zero   RW        10086    .bss.debug_threshold  BUILD/DISCO_L475VG_IOT01A/ARMC6/mbed-os/features/mbedtls/src/debug.o
    0x20000cf0   0x00000040   Zero   RW        23568    .bss.events         BUILD/DISCO_L475VG_IOT01A/ARMC6/mbed-os/hal/mbed_us_ticker_api.o
    0x20000d30   0x00000004   Zero   RW        29093    .bss.irq_handler    BUILD/DISCO_L475VG_IOT01A/ARMC6/mbed-os/targets/TARGET_STM/gpio_irq_api.o
    0x20000d34   0x00000004   Zero   RW        24445    .bss.mbed_heap_size  BUILD/DISCO_L475VG_IOT01A/ARMC6/mbed-os/platform/source/mbed_retarget.o
    0x20000d38   0x00000004   Zero   RW        24690    .bss.mbed_stack_isr_size  BUILD/DISCO_L475VG_IOT01A/ARMC6/mbed-os/rtos/source/TARGET_CORTEX/mbed_boot.o
    0x20000d3c   0x00000100   Zero   RW           14    .bss.messageBuffer  BUILD/DISCO_L475VG_IOT01A/ARMC6/main.o
    0x20000e3c   0x00000040   Zero   RW        24929    .bss.os             BUILD/DISCO_L475VG_IOT01A/ARMC6/mbed-os/rtos/source/TARGET_CORTEX/rtx5/RTX/Source/rtx_lib.o
    0x20000e7c   0x00000050   Zero   RW        24940    .bss.os.msgqueue.mem  BUILD/DISCO_L475VG_IOT01A/ARMC6/mbed-os/rtos/source/TARGET_CORTEX/rtx5/RTX/Source/rtx_lib.o
    0x20000ecc   0x00000044   Zero   RW        24698    .bss.os.thread.cb   BUILD/DISCO_L475VG_IOT01A/ARMC6/mbed-os/rtos/source/TARGET_CORTEX/mbed_rtos_rtx.o
    0x20000f10   0x00000088   Zero   RW        24937    .bss.os.thread.cb   BUILD/DISCO_L475VG_IOT01A/ARMC6/mbed-os/rtos/source/TARGET_CORTEX/rtx5/RTX/Source/rtx_lib.o
    0x20000f98   0x00000001   Zero   RW        24676    .bss.os_kernel_is_active.os_kernel_active  BUILD/DISCO_L475VG_IOT01A/ARMC6/mbed-os/rtos/source/TARGET_CORTEX/TOOLCHAIN_ARM_STD/mbed_boot_arm_std.o
    0x20000f99   0x00000003   PAD
    0x20000f9c   0x00000001   Zero   RW        10129    .bss.supported_init  BUILD/DISCO_L475VG_IOT01A/ARMC6/mbed-os/features/mbedtls/src/ssl_ciphersuites.o
    0x20000f9d   0x00000003   PAD
    0x20000fa0   0x000000c0   Zero   RW           16    .bss.thread1        BUILD/DISCO_L475VG_IOT01A/ARMC6/main.o


    Execution Region ARM_LIB_HEAP (Base: 0x20001060, Size: 0x00016ba0, Max: 0x00016ba0, ABSOLUTE)

    Base Addr    Size         Type   Attr      Idx    E Section Name        Object

    0x20001060   0x00016ba0   Zero   RW            2    ARM_LIB_HEAP.bss    anon$$obj.o


    Execution Region ARM_LIB_STACK (Base: 0x20017c00, Size: 0x00000400, Max: 0x00000400, ABSOLUTE)

    Base Addr    Size         Type   Attr      Idx    E Section Name        Object

    0x20017c00   0x00000400   Zero   RW            3    ARM_LIB_STACK.bss   anon$$obj.o


==============================================================================

Image component sizes


      Code (inc. data)   RO Data    RW Data    ZI Data      Debug   

    179734      12742      43462        440     109220      90372   Object Totals
         0          0         64          0      94368          0   (incl. Generated)
       230          0          9          5         35          0   (incl. Padding)
     19374        792        966         20        460      14824   Library Totals
        40          2          2          0          0          0   (incl. Padding)

==============================================================================


      Code (inc. data)   RO Data    RW Data    ZI Data      Debug   

    199108      13534      44428        460     109680      92536   Grand Totals
    199108      13534      44428        460     109680      92536   ELF Image Totals
    199108      13534      44428        460          0          0   ROM Totals

==============================================================================

    Total RO  Size (Code + RO Data)               243536 ( 237.83kB)
    Total RW  Size (RW Data + ZI Data)            110140 ( 107.56kB)
    Total ROM Size (Code + RO Data + RW Data)     243996 ( 238.28kB)

==============================================================================

